******************************************************************************
                  TI ARM Linker Unix v18.12.1                  
******************************************************************************
>> Linked Thu Apr 18 15:19:50 2019

OUTPUT FILE NAME:   <empty_min_EK_TM4C1294XL_TI.out>
ENTRY POINT SYMBOL: "_c_int00"  address: 000034f9


MEMORY CONFIGURATION

         name            origin    length      used     unused   attr    fill
----------------------  --------  ---------  --------  --------  ----  --------
  FLASH                 00000000   00100000  00007653  000f89ad  R  X
  SRAM                  20000000   00040000  00002424  0003dbdc  RW X


SEGMENT ALLOCATION MAP

run origin  load origin   length   init length attrs members
----------  ----------- ---------- ----------- ----- -------
00000000    00000000    00007660   00007660    r-x
  00000000    00000000    0000003c   0000003c    r-- .resetVecs
  00000040    00000040    0000511a   0000511a    r-x .text
  0000515c    0000515c    00002305   00002305    r-- .const
  00007468    00007468    000001f8   000001f8    r-- .cinit
20000000    20000000    00002428   00000000    rw-
  20000000    20000000    00000360   00000000    rw- .vecs
  20000360    20000360    000019b0   00000000    rw- .bss
  20001d10    20001d10    00000414   00000000    rw- .data
  20002128    20002128    00000300   00000000    rw- .stack


SECTION ALLOCATION MAP

 output                                  attributes/
section   page    origin      length       input sections
--------  ----  ----------  ----------   ----------------
.text      0    00000040    0000511a     
                  00000040    00000430     sysbios.aem4f : BIOS.obj (.text:ti_sysbios_family_arm_m3_Hwi_excDumpRegs__I)
                  00000470    0000034c     ti.targets.arm.rtsarm.aem4f : System.oem4f (.text:xdc_runtime_System_doPrint__I)
                  000007bc    00000204     driverlib.lib : sysctl.obj (.text:SysCtlClockFreqSet)
                  000009c0    00000204     Boot.aem4f : Boot_sysctl.oem4f (.text:ti_catalog_arm_cortexm4_tiva_ce_Boot_sysCtlClockFreqSetI__I)
                  00000bc4    00000004     driverlib.lib : uart.obj (.text:UARTIntClear)
                  00000bc8    000001fc     sysbios.aem4f : BIOS.obj (.text:ti_sysbios_family_arm_m3_Hwi_excHandlerMax__I)
                  00000dc4    00000004     rtsv7M4_T_le_v4SPD16_eabi.lib : exit.c.obj (.text:abort:abort)
                  00000dc8    00000174     sysbios.aem4f : BIOS.obj (.text:ti_sysbios_family_arm_m3_Hwi_excBusFault__I)
                  00000f3c    00000004     empty_min_pem4f.oem4f (.text:ti_sysbios_BIOS_RtsGateProxy_enter__E)
                  00000f40    00000164     sysbios.aem4f : BIOS.obj (.text:ti_sysbios_family_arm_m3_Hwi_excUsageFault__I)
                  000010a4    00000004     empty_min_pem4f.oem4f (.text:ti_sysbios_BIOS_RtsGateProxy_leave__E)
                  000010a8    00000154     sysbios.aem4f : BIOS.obj (.text:ti_sysbios_knl_Semaphore_pend__E)
                  000011fc    00000150     drivers_tivaware.aem4f : GPIOTiva.oem4f (.text:GPIO_setConfig)
                  0000134c    00000004     sysbios.aem4f : BIOS.obj (.text:ti_sysbios_family_arm_lm4_Timer_masterEnable__I)
                  00001350    00000148                   : BIOS.obj (.text:ti_sysbios_family_arm_m3_Hwi_excMemFault__I)
                  00001498    00000140     empty_min.obj (.text:main)
                  000015d8    00000130     driverlib.lib : gpio.obj (.text:GPIOPadConfigSet)
                  00001708    00000118     ti.targets.arm.rtsarm.aem4f : Error.oem4f (.text:xdc_runtime_Error_policyDefault__E)
                  00001820    00000108     sysbios.aem4f : BIOS.obj (.text:ti_sysbios_family_arm_lm4_Timer_start__E)
                  00001928    00000100     ti.targets.arm.rtsarm.aem4f : Core-mem.oem4f (.text:xdc_runtime_Core_createObject__I)
                  00001a28    000000f8                                 : Startup.oem4f (.text:xdc_runtime_Startup_startMods__I)
                  00001b20    000000f8     empty_min_pem4f.oem4f (.text:xdc_runtime_System_printfExtend__I)
                  00001c18    000000f4     sysbios.aem4f : m3_Hwi_asm.obj (.text:ti_sysbios_family_arm_m3_Hwi_dispatch__I)
                  00001d0c    00000004     empty_min_pem4f.oem4f (.text:ti_sysbios_family_arm_m3_TaskSupport_Module__startupDone__S)
                  00001d10    000000dc     sysbios.aem4f : BIOS.obj (.text:ti_sysbios_knl_Task_sleep__E)
                  00001dec    00000004     empty_min_pem4f.oem4f (.text:ti_sysbios_hal_Hwi_HwiProxy_delete)
                  00001df0    000000d4     sysbios.aem4f : BIOS.obj (.text:ti_sysbios_heaps_HeapMem_alloc__E)
                  00001ec4    00000004     empty_min_pem4f.oem4f (.text:ti_sysbios_heaps_HeapMem_Module_GateProxy_enter__E)
                  00001ec8    000000cc     sysbios.aem4f : BIOS.obj (.text:ti_sysbios_knl_Task_Instance_init__E)
                  00001f94    000000cc     ti.targets.arm.rtsarm.aem4f : Core-smem.oem4f (.text:xdc_runtime_Core_constructObject__I)
                  00002060    000000bc     sysbios.aem4f : BIOS.obj (.text:ti_sysbios_family_arm_m3_Hwi_excDebugMon__I)
                  0000211c    00000004     empty_min_pem4f.oem4f (.text:ti_sysbios_heaps_HeapMem_Module_GateProxy_leave__E)
                  00002120    000000bc     sysbios.aem4f : BIOS.obj (.text:ti_sysbios_family_arm_m3_Hwi_excHardFault__I)
                  000021dc    00000004     empty_min_pem4f.oem4f (.text:ti_sysbios_knl_Clock_TimerProxy_getMaxTicks__E)
                  000021e0    000000bc     sysbios.aem4f : BIOS.obj (.text:ti_sysbios_knl_Task_Instance_finalize__E)
                  0000229c    000000b8     EK_TM4C1294XL.obj (.text:EK_TM4C1294XL_initGeneral)
                  00002354    00000004     empty_min_pem4f.oem4f (.text:ti_sysbios_knl_Queue_destruct)
                  00002358    000000ac     sysbios.aem4f : BIOS.obj (.text:ti_sysbios_family_arm_lm4_Timer_enableTiva__I)
                  00002404    000000a0     auto_init.aem4f : auto_init.oem4f (.text)
                  000024a4    000000a0     ti.targets.arm.rtsarm.aem4f : Text.oem4f (.text:xdc_runtime_Text_putMod__E)
                  00002544    0000009c     rtsv7M4_T_le_v4SPD16_eabi.lib : memcpy_t2.asm.obj (.text)
                  000025e0    0000009a     ti.targets.arm.rtsarm.aem4f : Text.oem4f (.text:xdc_runtime_Text_putSite__E)
                  0000267a    00000002     rtsv7M4_T_le_v4SPD16_eabi.lib : _lock.c.obj (.text:_nop)
                  0000267c    00000098     Boot.aem4f : Boot.oem4f (.text:ti_catalog_arm_cortexm4_tiva_ce_Boot_sysCtlClockFreqSet__E)
                  00002714    00000004     empty_min_pem4f.oem4f (.text:ti_sysbios_knl_Semaphore_destruct)
                  00002718    00000094     sysbios.aem4f : BIOS.obj (.text:ti_sysbios_family_arm_m3_Hwi_Instance_init__E)
                  000027ac    00000004     ti.targets.arm.rtsarm.aem4f : Error.oem4f (.text:xdc_runtime_Error_getSite__E)
                  000027b0    00000094     sysbios.aem4f : BIOS.obj (.text:ti_sysbios_family_arm_m3_Hwi_initNVIC__E)
                  00002844    00000004     empty_min_pem4f.oem4f (.text:xdc_runtime_System_Module_GateProxy_enter__E)
                  00002848    00000094     sysbios.aem4f : BIOS.obj (.text:ti_sysbios_knl_Task_postInit__I)
                  000028dc    0000008c     drivers_tivaware.aem4f : GPIOTiva.oem4f (.text:GPIO_init)
                  00002968    0000008c     sysbios.aem4f : m3_TaskSupport_asm.obj (.text:ti_sysbios_family_arm_m3_TaskSupport_buildTaskStack)
                  000029f4    00000004     empty_min_pem4f.oem4f (.text:xdc_runtime_System_Module_GateProxy_leave__E)
                  000029f8    00000084     sysbios.aem4f : BIOS.obj (.text:ti_sysbios_family_arm_m3_Hwi_postInit__I)
                  00002a7c    00000004     ti.targets.arm.rtsarm.aem4f : System.oem4f (.text:xdc_runtime_System_aprintf_va__F)
                  00002a80    0000007c     sysbios.aem4f : BIOS.obj (.text:ti_sysbios_heaps_HeapMem_free__E)
                  00002afc    0000007a     rtsv7M4_T_le_v4SPD16_eabi.lib : memset_t2.asm.obj (.text)
                  00002b76    00000002                                   : div0.asm.obj (.text)
                  00002b78    00000070     sysbios.aem4f : BIOS.obj (.text:ti_sysbios_knl_Clock_workFunc__E)
                  00002be8    00000070                   : BIOS.obj (.text:ti_sysbios_knl_Task_exit__E)
                  00002c58    0000006d     ti.targets.arm.rtsarm.aem4f : System.oem4f (.text:xdc_runtime_System_formatNum__I)
                  00002cc5    00000001     --HOLE-- [fill = 0]
                  00002cc6    00000002     empty_min_pem4f.oem4f (.text:ti_sysbios_BIOS_nullFunc__I)
                  00002cc8    0000006c     empty_min_pem4f.oem4f (.text:ti_sysbios_family_arm_m3_Hwi_Object__create__S)
                  00002d34    00000004     ti.targets.arm.rtsarm.aem4f : System.oem4f (.text:xdc_runtime_System_printf_va__F)
                  00002d38    0000006c     sysbios.aem4f : BIOS.obj (.text:ti_sysbios_knl_Swi_restoreHwi__E)
                  00002da4    0000006c     ti.targets.arm.rtsarm.aem4f : Error.oem4f (.text:xdc_runtime_Error_print__E)
                  00002e10    0000006c                                 : Memory.oem4f (.text:xdc_runtime_Memory_alloc__E)
                  00002e7c    00000068     driverlib.lib : interrupt.obj (.text:IntEnable)
                  00002ee4    00000068     rtsv7M4_T_le_v4SPD16_eabi.lib : copy_decompress_lzss.c.obj (.text:decompress:lzss:__TI_decompress_lzss)
                  00002f4c    00000066     ti.targets.arm.rtsarm.aem4f : Core-mem.oem4f (.text:xdc_runtime_Core_deleteObject__I)
                  00002fb2    00000002     empty_min_pem4f.oem4f (.text:xdc_runtime_Startup_reset__I)
                  00002fb4    00000064     drivers_tivaware.aem4f : GPIOTiva.oem4f (.text:GPIO_hwiIntFxn)
                  00003018    00000064     sysbios.aem4f : BIOS.obj (.text:ti_sysbios_family_arm_lm4_Timer_Module_startup__E)
                  0000307c    00000064     empty_min_pem4f.oem4f (.text:ti_sysbios_family_arm_m3_Hwi_create)
                  000030e0    00000064     sysbios.aem4f : BIOS.obj (.text:ti_sysbios_family_arm_m3_Hwi_dispatchC__I)
                  00003144    00000064     empty_min_pem4f.oem4f (.text:ti_sysbios_hal_Hwi_create)
                  000031a8    00000064     sysbios.aem4f : BIOS.obj (.text:ti_sysbios_knl_Semaphore_post__E)
                  0000320c    00000060     empty_min.obj (.text:myHwiFunc)
                  0000326c    0000005c     empty_min_pem4f.oem4f (.text:ti_sysbios_knl_Swi_create)
                  000032c8    0000005c     sysbios.aem4f : BIOS.obj (.text:ti_sysbios_knl_Swi_run__I)
                  00003324    00000004     --HOLE-- [fill = 0]
                  00003328    0000005c                   : BIOS.obj (.text:ti_sysbios_knl_Swi_schedule__I)
                  00003384    00000004     --HOLE-- [fill = 0]
                  00003388    0000005c                   : BIOS.obj (.text:ti_sysbios_knl_Task_Module_startup__E)
                  000033e4    00000004     --HOLE-- [fill = 0]
                  000033e8    0000005c                   : BIOS.obj (.text:ti_sysbios_knl_Task_startCore__E)
                  00003444    0000005b     ti.targets.arm.rtsarm.aem4f : Text.oem4f (.text:xdc_runtime_Text_putLab__E)
                  0000349f    00000001     --HOLE-- [fill = 0]
                  000034a0    00000058     rtsv7M4_T_le_v4SPD16_eabi.lib : hostwrite.c.obj (.text:HOSTwrite)
                  000034f8    00000058     boot.aem4f : boot.oem4f (.text)
                  00003550    00000058     sysbios.aem4f : m3_Hwi_asm_switch.obj (.text:ti_sysbios_family_arm_m3_Hwi_initStacks__E)
                  000035a8    00000056     driverlib.lib : gpio.obj (.text:GPIOIntTypeSet)
                  000035fe    00000002     --HOLE-- [fill = 0]
                  00003600    00000054     sysbios.aem4f : BIOS.obj (.text:ti_sysbios_family_arm_lm4_Timer_initDevice__I)
                  00003654    00000004     --HOLE-- [fill = 0]
                  00003658    00000054                   : BIOS.obj (.text:ti_sysbios_knl_Swi_Instance_init__E)
                  000036ac    00000054     empty_min_pem4f.oem4f (.text:ti_sysbios_knl_Task_construct)
                  00003700    00000054     ti.targets.arm.rtsarm.aem4f : Assert.oem4f (.text:xdc_runtime_Assert_raise__I)
                  00003754    00000050     drivers_tivaware.aem4f : GPIOTiva.oem4f (.text:GPIO_setCallback)
                  000037a4    00000050                            : GPIOTiva.oem4f (.text:GPIO_toggle)
                  000037f4    00000050                            : GPIOTiva.oem4f (.text:GPIO_write)
                  00003844    00000050     Boot.aem4f : Boot_sysctl.oem4f (.text:_SysCtlFrequencyGet)
                  00003894    00000004     --HOLE-- [fill = 0]
                  00003898    00000050     sysbios.aem4f : BIOS.obj (.text:ti_sysbios_family_arm_m3_Hwi_Module_startup__E)
                  000038e8    00000050     ti.targets.arm.rtsarm.aem4f : Startup.oem4f (.text:xdc_runtime_Startup_exec__E)
                  00003938    00000050                                 : Text.oem4f (.text:xdc_runtime_Text_visitRope2__I)
                  00003988    0000004c     rtsv7M4_T_le_v4SPD16_eabi.lib : cpy_tbl.c.obj (.text:copy_in)
                  000039d4    00000004     --HOLE-- [fill = 0]
                  000039d8    0000004c     sysbios.aem4f : BIOS.obj (.text:ti_sysbios_heaps_HeapMem_getStats__E)
                  00003a24    00000004     --HOLE-- [fill = 0]
                  00003a28    0000004c                   : BIOS.obj (.text:ti_sysbios_knl_Swi_runLoop__I)
                  00003a74    00000004     --HOLE-- [fill = 0]
                  00003a78    0000004c                   : BIOS.obj (.text:ti_sysbios_knl_Task_allBlockedFunction__I)
                  00003ac4    00000004     --HOLE-- [fill = 0]
                  00003ac8    0000004c                   : BIOS.obj (.text:ti_sysbios_knl_Task_schedule__I)
                  00003b14    00000048     driverlib.lib : gpio.obj (.text:GPIOPinConfigure)
                  00003b5c    00000048                   : sysctl.obj (.text:_SysCtlFrequencyGet)
                  00003ba4    00000048     empty_min.obj (.text:mySwiFunc)
                  00003bec    00000004     --HOLE-- [fill = 0]
                  00003bf0    00000048     sysbios.aem4f : BIOS.obj (.text:ti_sysbios_family_arm_lm4_Timer_enableTimers__I)
                  00003c38    00000048                   : BIOS.obj (.text:ti_sysbios_family_arm_m3_Hwi_disableInterrupt__E)
                  00003c80    00000048                   : BIOS.obj (.text:ti_sysbios_family_arm_m3_Hwi_enableInterrupt__E)
                  00003cc8    00000048                   : BIOS.obj (.text:ti_sysbios_family_arm_m3_Hwi_excReserved__I)
                  00003d10    00000046     ti.targets.arm.rtsarm.aem4f : Core-params.oem4f (.text:xdc_runtime_Core_assignParams__I)
                  00003d56    00000002     --HOLE-- [fill = 0]
                  00003d58    00000044     sysbios.aem4f : BIOS.obj (.text:ti_sysbios_family_arm_lm4_Timer_isrStub__E)
                  00003d9c    00000004     --HOLE-- [fill = 0]
                  00003da0    00000044                   : BIOS.obj (.text:ti_sysbios_family_arm_m3_Hwi_getStackInfo__E)
                  00003de4    00000004     --HOLE-- [fill = 0]
                  00003de8    00000044                   : BIOS.obj (.text:ti_sysbios_knl_Swi_post__E)
                  00003e2c    00000044     ti.targets.arm.rtsarm.aem4f : Error.oem4f (.text:xdc_runtime_Error_setX__E)
                  00003e70    00000044                                 : SysMin.oem4f (.text:xdc_runtime_SysMin_flush__E)
                  00003eb4    00000044                                 : Text.oem4f (.text:xdc_runtime_Text_xprintf__I)
                  00003ef8    00000042     driverlib.lib : uart.obj (.text:UARTConfigSetExpClk)
                  00003f3a    00000040     rtsv7M4_T_le_v4SPD16_eabi.lib : u_divt2.asm.obj (.text)
                  00003f7a    00000006     driverlib.lib : gpio.obj (.text:GPIOIntClear)
                  00003f80    00000040     sysbios.aem4f : BIOS.obj (.text:ti_sysbios_family_arm_lm4_Timer_startup__E)
                  00003fc0    00000040                   : BIOS.obj (.text:ti_sysbios_heaps_HeapMem_Instance_init__E)
                  00004000    0000003c                   : BIOS.obj (.text:ti_sysbios_family_arm_m3_Hwi_excSvCall__I)
                  0000403c    00000004     --HOLE-- [fill = 0]
                  00004040    0000003c                   : BIOS.obj (.text:ti_sysbios_heaps_HeapMem_init__I)
                  0000407c    00000004     --HOLE-- [fill = 0]
                  00004080    0000003c                   : BIOS.obj (.text:ti_sysbios_knl_Swi_restore__E)
                  000040bc    00000038     rtsv7M4_T_le_v4SPD16_eabi.lib : trgmsg.c.obj (.text:__TI_writemsg)
                  000040f4    00000004     --HOLE-- [fill = 0]
                  000040f8    00000038     sysbios.aem4f : BIOS.obj (.text:ti_sysbios_family_arm_m3_Hwi_excNoIsr__I)
                  00004130    00000038                   : BIOS.obj (.text:ti_sysbios_knl_Task_processVitalTaskFlag__I)
                  00004168    00000038     ti.targets.arm.rtsarm.aem4f : SysMin.oem4f (.text:xdc_runtime_SysMin_putch__E)
                  000041a0    00000038                                 : System.oem4f (.text:xdc_runtime_System_atexit__E)
                  000041d8    00000034     driverlib.lib : sysctl.obj (.text:SysCtlPeripheralEnable)
                  0000420c    00000034     rtsv7M4_T_le_v4SPD16_eabi.lib : trgmsg.c.obj (.text:__TI_readmsg)
                  00004240    00000034     sysbios.aem4f : BIOS.obj (.text:ti_sysbios_family_arm_m3_Hwi_Instance_finalize__E)
                  00004274    00000004     --HOLE-- [fill = 0]
                  00004278    00000034                   : BIOS.obj (.text:ti_sysbios_family_arm_m3_Hwi_excNmi__I)
                  000042ac    00000034     ti.targets.arm.rtsarm.aem4f : Core-label.oem4f (.text:xdc_runtime_Core_assignLabel__I)
                  000042e0    00000033                                 : Text.oem4f (.text:xdc_runtime_Text_printVisFxn__I)
                  00004313    00000005     --HOLE-- [fill = 0]
                  00004318    00000032     sysbios.aem4f : BIOS.obj (.text:ti_sysbios_hal_Hwi_initStack)
                  0000434a    00000002     --HOLE-- [fill = 0]
                  0000434c    00000030     empty_min_pem4f.oem4f (.text:ti_sysbios_BIOS_atExitFunc__I)
                  0000437c    00000004     --HOLE-- [fill = 0]
                  00004380    00000030     sysbios.aem4f : BIOS.obj (.text:ti_sysbios_family_arm_lm4_Timer_stop__E)
                  000043b0    00000030                   : BIOS.obj (.text:ti_sysbios_family_arm_m3_TaskSupport_start__E)
                  000043e0    00000030     empty_min_pem4f.oem4f (.text:ti_sysbios_gates_GateHwi_Object__create__S)
                  00004410    00000030     empty_min_pem4f.oem4f (.text:ti_sysbios_gates_GateMutex_Object__create__S)
                  00004440    00000030     sysbios.aem4f : BIOS.obj (.text:ti_sysbios_gates_GateMutex_enter__E)
                  00004470    00000030     empty_min_pem4f.oem4f (.text:ti_sysbios_heaps_HeapMem_Object__create__S)
                  000044a0    00000030     empty_min_pem4f.oem4f (.text:ti_sysbios_knl_Semaphore_construct)
                  000044d0    00000030     sysbios.aem4f : BIOS.obj (.text:ti_sysbios_knl_Semaphore_pendTimeout__I)
                  00004500    00000030                   : BIOS.obj (.text:ti_sysbios_knl_Task_unblockI__E)
                  00004530    00000030     ti.targets.arm.rtsarm.aem4f : SysMin.oem4f (.text:xdc_runtime_SysMin_abort__E)
                  00004560    00000030                                 : System.oem4f (.text:xdc_runtime_System_processAtExit__E)
                  00004590    0000002c     empty_min_pem4f.oem4f (.text:ti_sysbios_knl_Clock_doTick__I)
                  000045bc    0000002c     empty_min_pem4f.oem4f (.text:ti_sysbios_knl_Queue_construct)
                  000045e8    0000002c     sysbios.aem4f : BIOS.obj (.text:ti_sysbios_knl_Task_restore__E)
                  00004614    0000002c     ti.targets.arm.rtsarm.aem4f : Text.oem4f (.text:xdc_runtime_Text_cordText__E)
                  00004640    0000002a     driverlib.lib : gpio.obj (.text:GPIODirModeSet)
                  0000466a    0000002a     ti.targets.arm.rtsarm.aem4f : System.oem4f (.text:xdc_runtime_System_putchar__I)
                  00004694    00000004     --HOLE-- [fill = 0]
                  00004698    00000028     sysbios.aem4f : BIOS.obj (.text:ti_sysbios_hal_Hwi_Instance_init__E)
                  000046c0    00000028                   : BIOS.obj (.text:ti_sysbios_knl_Swi_Module_startup__E)
                  000046e8    00000026                   : m3_Hwi_asm.obj (.text:ti_sysbios_family_arm_m3_Hwi_pendSV__I)
                  0000470e    00000026     ti.targets.arm.rtsarm.aem4f : System.oem4f (.text:xdc_runtime_System_avprintf__E)
                  00004734    00000024     empty_min_pem4f.oem4f (.text:ti_sysbios_BIOS_errorRaiseHook__I)
                  00004758    00000024     empty_min_pem4f.oem4f (.text:ti_sysbios_BIOS_registerRTSLock__I)
                  0000477c    00000024     empty_min_pem4f.oem4f (.text:ti_sysbios_BIOS_removeRTSLock__I)
                  000047a0    00000024     empty_min_pem4f.oem4f (.text:ti_sysbios_BIOS_startFunc__I)
                  000047c4    00000024     empty_min_pem4f.oem4f (.text:ti_sysbios_gates_GateMutex_Object__delete__S)
                  000047e8    00000024     sysbios.aem4f : BIOS.obj (.text:ti_sysbios_knl_Clock_Module_startup__E)
                  0000480c    00000004     --HOLE-- [fill = 0]
                  00004810    00000024                   : BIOS.obj (.text:ti_sysbios_knl_Semaphore_Instance_init__E)
                  00004834    00000004     --HOLE-- [fill = 0]
                  00004838    00000024                   : BIOS.obj (.text:ti_sysbios_knl_Task_restoreHwi__E)
                  0000485c    00000024     ti.targets.arm.rtsarm.aem4f : System.oem4f (.text:xdc_runtime_System_vprintf__E)
                  00004880    00000022     sysbios.aem4f : BIOS.obj (.text:ti_sysbios_family_arm_lm4_Timer_write__I)
                  000048a2    00000022     empty_min_pem4f.oem4f (.text:xdc_runtime_SysMin_output__I)
                  000048c4    00000020     Boot.aem4f : Boot_sysctl.oem4f (.text:_SysCtlMemTimingGet)
                  000048e4    00000020     empty_min_pem4f.oem4f (.text:ti_sysbios_BIOS_rtsLock__I)
                  00004904    00000020     empty_min_pem4f.oem4f (.text:ti_sysbios_family_arm_m3_Hwi_Object__delete__S)
                  00004924    00000020     sysbios.aem4f : m3_Hwi_asm.obj (.text:ti_sysbios_family_arm_m3_Hwi_excHandlerAsm__I)
                  00004944    00000004     --HOLE-- [fill = 0]
                  00004948    00000020                   : BIOS.obj (.text:ti_sysbios_family_arm_m3_Hwi_excHandler__I)
                  00004968    00000020     empty_min_pem4f.oem4f (.text:ti_sysbios_gates_GateHwi_Object__delete__S)
                  00004988    00000020     empty_min_pem4f.oem4f (.text:ti_sysbios_heaps_HeapMem_Object__delete__S)
                  000049a8    00000020     sysbios.aem4f : BIOS.obj (.text:ti_sysbios_knl_Idle_run__E)
                  000049c8    00000020     empty_min_pem4f.oem4f (.text:ti_sysbios_knl_Semaphore_Object__destruct__S)
                  000049e8    00000020     ti.targets.arm.rtsarm.aem4f : Registry.oem4f (.text:xdc_runtime_Registry_findById__E)
                  00004a08    00000020                                 : SysMin.oem4f (.text:xdc_runtime_SysMin_Module_startup__E)
                  00004a28    0000001e     sysbios.aem4f : m3_Hwi_asm_switch.obj (.text:ti_sysbios_family_xxx_Hwi_switchAndRunFunc)
                  00004a46    00000002     --HOLE-- [fill = 0]
                  00004a48    0000001c     driverlib.lib : uart.obj (.text:UARTDisable)
                  00004a64    0000001c                   : sysctl.obj (.text:_SysCtlMemTimingGet)
                  00004a80    0000001c     drivers_tivaware.aem4f : GPIOTiva.oem4f (.text:getGpioIntIndex)
                  00004a9c    00000004     --HOLE-- [fill = 0]
                  00004aa0    0000001c     sysbios.aem4f : BIOS.obj (.text:ti_sysbios_gates_GateMutex_Instance_init__E)
                  00004abc    0000001c     empty_min_pem4f.oem4f (.text:ti_sysbios_hal_Hwi_HwiProxy_create)
                  00004ad8    0000001c     empty_min_pem4f.oem4f (.text:ti_sysbios_knl_Queue_Object__destruct__S)
                  00004af4    00000004     --HOLE-- [fill = 0]
                  00004af8    0000001c     sysbios.aem4f : BIOS.obj (.text:ti_sysbios_knl_Queue_put__E)
                  00004b14    00000004     --HOLE-- [fill = 0]
                  00004b18    0000001c                   : BIOS.obj (.text:ti_sysbios_knl_Task_enter__I)
                  00004b34    0000001c     ti.targets.arm.rtsarm.aem4f : Error.oem4f (.text:xdc_runtime_Error_raiseX__E)
                  00004b50    0000001c                                 : Memory.oem4f (.text:xdc_runtime_Memory_valloc__E)
                  00004b6c    0000001c                                 : SysMin.oem4f (.text:xdc_runtime_SysMin_exit__E)
                  00004b88    0000001c                                 : System.oem4f (.text:xdc_runtime_System_abort__E)
                  00004ba4    0000001a     empty_min_pem4f.oem4f (.text:ti_sysbios_family_arm_m3_Hwi_Handle__label__S)
                  00004bbe    0000001a     empty_min_pem4f.oem4f (.text:ti_sysbios_gates_GateHwi_Handle__label__S)
                  00004bd8    0000001a     empty_min_pem4f.oem4f (.text:ti_sysbios_gates_GateMutex_Handle__label__S)
                  00004bf2    0000001a     empty_min_pem4f.oem4f (.text:ti_sysbios_heaps_HeapMem_Handle__label__S)
                  00004c0c    0000001a     empty_min_pem4f.oem4f (.text:ti_sysbios_knl_Swi_Handle__label__S)
                  00004c26    0000001a     empty_min_pem4f.oem4f (.text:ti_sysbios_knl_Task_Handle__label__S)
                  00004c40    0000001a     empty_min_pem4f.oem4f (.text:xdc_runtime_System_aprintf__E)
                  00004c5a    0000001a     empty_min_pem4f.oem4f (.text:xdc_runtime_System_printf__E)
                  00004c74    00000018     rtsv7M4_T_le_v4SPD16_eabi.lib : args_main.c.obj (.text:_args_main)
                  00004c8c    00000018     empty_min_pem4f.oem4f (.text:ti_sysbios_BIOS_rtsUnlock__I)
                  00004ca4    00000018     empty_min_pem4f.oem4f (.text:ti_sysbios_family_arm_lm4_Timer_Module__startupDone__F)
                  00004cbc    00000018     empty_min_pem4f.oem4f (.text:ti_sysbios_family_arm_m3_Hwi_Module__startupDone__F)
                  00004cd4    00000018     sysbios.aem4f : m3_TaskSupport_asm.obj (.text:ti_sysbios_family_arm_m3_TaskSupport_swap__E)
                  00004cec    00000004     --HOLE-- [fill = 0]
                  00004cf0    00000018                   : BIOS.obj (.text:ti_sysbios_gates_GateMutex_leave__E)
                  00004d08    00000018                   : BIOS.obj (.text:ti_sysbios_knl_Task_sleepTimeout__I)
                  00004d20    00000018     ti.targets.arm.rtsarm.aem4f : Error.oem4f (.text:xdc_runtime_Error_check__E)
                  00004d38    00000018                                 : System.oem4f (.text:xdc_runtime_System_exit__E)
                  00004d50    00000018                                 : Text.oem4f (.text:xdc_runtime_Text_ropeText__E)
                  00004d68    00000016     empty_min_pem4f.oem4f (.text:ti_sysbios_BIOS_exitFunc__I)
                  00004d7e    00000016     empty_min.obj (.text:ti_sysbios_hal_Hwi_Params_init)
                  00004d94    00000016     empty_min.obj (.text:ti_sysbios_knl_Swi_Params_init)
                  00004daa    00000016     empty_min.obj (.text:ti_sysbios_knl_Task_Params_init)
                  00004dc0    00000014     driverlib.lib : uart.obj (.text:UARTEnable)
                  00004dd4    00000014     empty_min.obj (.text:heartBeatFxn)
                  00004de8    00000014     rtsv7M4_T_le_v4SPD16_eabi.lib : strlen.c.obj (.text:strlen)
                  00004dfc    00000014     empty_min_pem4f.oem4f (.text:ti_sysbios_family_arm_m3_Hwi_Object__get__S)
                  00004e10    00000014     sysbios.aem4f : BIOS.obj (.text:ti_sysbios_family_arm_m3_Hwi_switchFromBootStack__E)
                  00004e24    00000014     empty_min_pem4f.oem4f (.text:ti_sysbios_heaps_HeapMem_Object__get__S)
                  00004e38    00000014     empty_min_pem4f.oem4f (.text:ti_sysbios_knl_Swi_Object__get__S)
                  00004e4c    00000012     driverlib.lib : gpio.obj (.text:GPIOPinTypeUART)
                  00004e5e    00000002     --HOLE-- [fill = 0]
                  00004e60    00000012     sysbios.aem4f : BIOS.obj (.text:ti_sysbios_hal_Hwi_Module_startup__E)
                  00004e72    00000012     empty_min_pem4f.oem4f (.text:xdc_runtime_Startup_exec__I)
                  00004e84    00000010     empty_min_pem4f.oem4f (.text:.bootCodeSection:ti_catalog_arm_cortexm4_tiva_ce_Boot_init__I)
                  00004e94    00000004     --HOLE-- [fill = 0]
                  00004e98    00000010     sysbios.aem4f : BIOS.obj (.text:ti_sysbios_BIOS_setThreadType__E)
                  00004ea8    00000010                   : BIOS.obj (.text:ti_sysbios_BIOS_start__E)
                  00004eb8    00000010                   : m3_TaskSupport_asm.obj (.text:ti_sysbios_family_arm_m3_TaskSupport_glue)
                  00004ec8    00000010                   : BIOS.obj (.text:ti_sysbios_gates_GateMutex_Instance_finalize__E)
                  00004ed8    00000010     empty_min_pem4f.oem4f (.text:ti_sysbios_hal_Hwi_HwiProxy_Object__create__S)
                  00004ee8    00000010     sysbios.aem4f : BIOS.obj (.text:ti_sysbios_knl_Semaphore_Instance_finalize__E)
                  00004ef8    00000010                   : BIOS.obj (.text:ti_sysbios_knl_Swi_disable__E)
                  00004f08    00000010                   : BIOS.obj (.text:ti_sysbios_knl_Task_disable__E)
                  00004f18    00000010     ti.targets.arm.rtsarm.aem4f : Gate.oem4f (.text:xdc_runtime_Gate_leaveSystem__E)
                  00004f28    00000010                                 : Memory.oem4f (.text:xdc_runtime_Memory_free__E)
                  00004f38    00000010                                 : SysMin.oem4f (.text:xdc_runtime_SysMin_ready__E)
                  00004f48    00000010                                 : System.oem4f (.text:xdc_runtime_System_vsnprintf__E)
                  00004f58    00000010     empty_min_pem4f.oem4f (.text:xdc_runtime_Text_visitRope__I)
                  00004f68    0000000e     driverlib.lib : gpio.obj (.text:GPIOIntStatus)
                  00004f76    0000000e                   : uart.obj (.text:UARTCharGetNonBlocking)
                  00004f84    0000000e                   : uart.obj (.text:UARTCharPutNonBlocking)
                  00004f92    0000000e     rtsv7M4_T_le_v4SPD16_eabi.lib : copy_decompress_none.c.obj (.text:decompress:none:__TI_decompress_none)
                  00004fa0    0000000e     sysbios.aem4f : BIOS.obj (.text:ti_sysbios_knl_Queue_empty__E)
                  00004fae    0000000e     empty_min_pem4f.oem4f (.text:ti_sysbios_knl_Task_Object__get__S)
                  00004fbc    0000000c     driverlib.lib : uart.obj (.text:UARTCharsAvail)
                  00004fc8    0000000c     rtsv7M4_T_le_v4SPD16_eabi.lib : _lock.c.obj (.text:_register_lock)
                  00004fd4    0000000c                                   : _lock.c.obj (.text:_register_unlock)
                  00004fe0    0000000c                                   : copy_zero_init.c.obj (.text:decompress:ZI:__TI_zero_init)
                  00004fec    00000004     --HOLE-- [fill = 0]
                  00004ff0    0000000c     sysbios.aem4f : BIOS.obj (.text:ti_sysbios_family_arm_lm4_Timer_getMaxTicks__E)
                  00004ffc    0000000c     empty_min_pem4f.oem4f (.text:ti_sysbios_family_arm_m3_Hwi_Params__init__S)
                  00005008    0000000c     sysbios.aem4f : BIOS.obj (.text:ti_sysbios_family_arm_m3_Hwi_disableFxn__E)
                  00005014    00000004     --HOLE-- [fill = 0]
                  00005018    0000000c                   : BIOS.obj (.text:ti_sysbios_family_arm_m3_TaskSupport_getStackAlignment__E)
                  00005024    00000004     --HOLE-- [fill = 0]
                  00005028    0000000c                   : BIOS.obj (.text:ti_sysbios_gates_GateHwi_enter__E)
                  00005034    0000000c     empty_min_pem4f.oem4f (.text:ti_sysbios_hal_Hwi_Params__init__S)
                  00005040    0000000c     empty_min_pem4f.oem4f (.text:ti_sysbios_knl_Queue_Object__get__S)
                  0000504c    0000000c     empty_min_pem4f.oem4f (.text:ti_sysbios_knl_Swi_Params__init__S)
                  00005058    0000000c     empty_min_pem4f.oem4f (.text:ti_sysbios_knl_Task_Params__init__S)
                  00005064    0000000c     ti.targets.arm.rtsarm.aem4f : Error.oem4f (.text:xdc_runtime_Error_init__E)
                  00005070    0000000c                                 : Gate.oem4f (.text:xdc_runtime_Gate_enterSystem__E)
                  0000507c    0000000c                                 : Memory.oem4f (.text:xdc_runtime_Memory_calloc__E)
                  00005088    0000000c                                 : Memory.oem4f (.text:xdc_runtime_Memory_getMaxDefaultTypeAlign__E)
                  00005094    0000000a     driverlib.lib : uart.obj (.text:UARTIntStatus)
                  0000509e    00000002     --HOLE-- [fill = 0]
                  000050a0    0000000a     sysbios.aem4f : BIOS.obj (.text:ti_sysbios_hal_Hwi_Instance_finalize__E)
                  000050aa    0000000a     empty_min_pem4f.oem4f (.text:xdc_runtime_IHeap_alloc)
                  000050b4    0000000a     empty_min_pem4f.oem4f (.text:xdc_runtime_IHeap_free)
                  000050be    00000008     EK_TM4C1294XL.obj (.text:EK_TM4C1294XL_initGPIO)
                  000050c6    00000008     driverlib.lib : uart.obj (.text:UARTIntEnable)
                  000050ce    00000008     sysbios.aem4f : BIOS.obj (.text:ti_sysbios_family_arm_lm4_Timer_masterDisable__I)
                  000050d6    00000002     --HOLE-- [fill = 0]
                  000050d8    00000008                   : BIOS.obj (.text:ti_sysbios_family_arm_m3_Hwi_doSwiRestore__I)
                  000050e0    00000008                   : BIOS.obj (.text:ti_sysbios_family_arm_m3_Hwi_startup__E)
                  000050e8    00000006     driverlib.lib : gpio.obj (.text:GPIOPinRead)
                  000050ee    00000006                   : gpio.obj (.text:GPIOPinWrite)
                  000050f4    00000004     --HOLE-- [fill = 0]
                  000050f8    00000006     sysbios.aem4f : BIOS.obj (.text:ti_sysbios_family_arm_m3_Hwi_doTaskRestore__I)
                  000050fe    00000002     --HOLE-- [fill = 0]
                  00005100    00000006                   : BIOS.obj (.text:ti_sysbios_family_arm_m3_Hwi_restoreFxn__E)
                  00005106    00000002     --HOLE-- [fill = 0]
                  00005108    00000006                   : BIOS.obj (.text:ti_sysbios_gates_GateHwi_leave__E)
                  0000510e    00000002     --HOLE-- [fill = 0]
                  00005110    00000006                   : BIOS.obj (.text:ti_sysbios_heaps_HeapMem_isBlocking__E)
                  00005116    00000002     --HOLE-- [fill = 0]
                  00005118    00000006                   : BIOS.obj (.text:ti_sysbios_knl_Queue_Instance_init__E)
                  0000511e    00000002     --HOLE-- [fill = 0]
                  00005120    00000006                   : BIOS.obj (.text:ti_sysbios_knl_Swi_startup__E)
                  00005126    00000006     ti.targets.arm.rtsarm.aem4f : System.oem4f (.text:xdc_runtime_System_Module_startup__E)
                  0000512c    00000004     --HOLE-- [fill = 0]
                  00005130    00000004     sysbios.aem4f : BIOS.obj (.text:ti_sysbios_gates_GateHwi_query__E)
                  00005134    00000004     --HOLE-- [fill = 0]
                  00005138    00000004                   : BIOS.obj (.text:ti_sysbios_gates_GateMutex_query__E)
                  0000513c    00000004     --HOLE-- [fill = 0]
                  00005140    00000004                   : BIOS.obj (.text:ti_sysbios_knl_Task_startup__E)
                  00005144    00000004     --HOLE-- [fill = 0]
                  00005148    00000002                   : BIOS.obj (.text:ti_sysbios_gates_GateHwi_Instance_init__E)
                  0000514a    00000006     --HOLE-- [fill = 0]
                  00005150    00000002                   : BIOS.obj (.text:ti_sysbios_knl_Clock_logTick__E)
                  00005152    00000006     --HOLE-- [fill = 0]
                  00005158    00000002                   : BIOS.obj (.text:ti_sysbios_knl_Swi_Instance_finalize__E)

.const     0    0000515c    00002305     
                  0000515c    00001844     empty_min_pem4f.oem4f (.const:xdc_runtime_Text_charTab__A)
                  000069a0    00000120     Boot.aem4f : Boot_sysctl.oem4f (.const:g_pppui32XTALtoVCO)
                  00006ac0    00000120     driverlib.lib : sysctl.obj (.const:g_pppui32XTALtoVCO)
                  00006be0    000000bc     empty_min_pem4f.oem4f (.const:xdc_runtime_Text_nodeTab__A)
                  00006c9c    00000090     driverlib.lib : gpio.obj (.const:g_pui32GPIOBaseAddrs)
                  00006d2c    00000070                   : interrupt.obj (.const)
                  00006d9c    0000006c     Boot.aem4f : Boot_sysctl.oem4f (.const:g_pui32Xtals)
                  00006e08    0000006c     driverlib.lib : sysctl.obj (.const:g_pui32Xtals)
                  00006e74    00000054     drivers_tivaware.aem4f : GPIOTiva.oem4f (.const:.string)
                  00006ec8    00000048     empty_min_pem4f.oem4f (.const:.string)
                  00006f10    00000048     drivers_tivaware.aem4f : GPIOTiva.oem4f (.const:gpioBaseAddresses)
                  00006f58    0000003c     empty_min_pem4f.oem4f (.const:ti_sysbios_knl_Task_Object__PARAMS__C)
                  00006f94    00000030     Boot.aem4f : Boot_sysctl.oem4f (.const:g_sXTALtoMEMTIM)
                  00006fc4    00000030     driverlib.lib : sysctl.obj (.const:g_sXTALtoMEMTIM)
                  00006ff4    00000030     empty_min_pem4f.oem4f (.const:ti_sysbios_family_arm_m3_Hwi_Object__PARAMS__C)
                  00007024    0000002c     empty_min_pem4f.oem4f (.const:ti_sysbios_hal_Hwi_Object__PARAMS__C)
                  00007050    00000028     empty_min_pem4f.oem4f (.const:ti_sysbios_heaps_HeapMem_Module__FXNS__C)
                  00007078    00000028     empty_min_pem4f.oem4f (.const:ti_sysbios_knl_Swi_Object__PARAMS__C)
                  000070a0    00000024     empty_min_pem4f.oem4f (.const:ti_sysbios_gates_GateHwi_Module__FXNS__C)
                  000070c4    00000024     empty_min_pem4f.oem4f (.const:ti_sysbios_gates_GateMutex_Module__FXNS__C)
                  000070e8    00000024     empty_min_pem4f.oem4f (.const:ti_sysbios_heaps_HeapMem_Object__PARAMS__C)
                  0000710c    00000024     empty_min_pem4f.oem4f (.const:ti_sysbios_knl_Semaphore_Object__PARAMS__C)
                  00007130    00000020     empty_min_pem4f.oem4f (.const:ti_sysbios_family_arm_m3_Hwi_Object__DESC__C)
                  00007150    00000020     empty_min_pem4f.oem4f (.const:ti_sysbios_gates_GateHwi_Object__DESC__C)
                  00007170    00000020     empty_min_pem4f.oem4f (.const:ti_sysbios_gates_GateMutex_Object__DESC__C)
                  00007190    00000020     empty_min_pem4f.oem4f (.const:ti_sysbios_hal_Hwi_Object__DESC__C)
                  000071b0    00000020     empty_min_pem4f.oem4f (.const:ti_sysbios_heaps_HeapMem_Object__DESC__C)
                  000071d0    00000020     empty_min_pem4f.oem4f (.const:ti_sysbios_knl_Queue_Object__DESC__C)
                  000071f0    00000020     empty_min_pem4f.oem4f (.const:ti_sysbios_knl_Semaphore_Object__DESC__C)
                  00007210    00000020     empty_min_pem4f.oem4f (.const:ti_sysbios_knl_Swi_Object__DESC__C)
                  00007230    00000020     empty_min_pem4f.oem4f (.const:ti_sysbios_knl_Task_Object__DESC__C)
                  00007250    00000020     empty_min_pem4f.oem4f (.const:xdc_runtime_Startup_sfxnTab__A)
                  00007270    00000018     empty_min_pem4f.oem4f (.const:ti_sysbios_gates_GateHwi_Object__PARAMS__C)
                  00007288    00000018     empty_min_pem4f.oem4f (.const:ti_sysbios_gates_GateMutex_Object__PARAMS__C)
                  000072a0    00000018     empty_min_pem4f.oem4f (.const:ti_sysbios_knl_Queue_Object__PARAMS__C)
                  000072b8    00000014     EK_TM4C1294XL.obj (.const:GPIOTiva_config)
                  000072cc    00000014     empty_min_pem4f.oem4f (.const:xdc_runtime_Startup_firstFxns__A)
                  000072e0    00000010     empty_min_pem4f.oem4f (.const:xdc_runtime_Startup_sfxnRts__A)
                  000072f0    00000008     Boot.aem4f : Boot_sysctl.oem4f (.const)
                  000072f8    00000008     driverlib.lib : sysctl.obj (.const)
                  00007300    00000008     empty_min_pem4f.oem4f (.const:ti_sysbios_family_arm_m3_Hwi_excHookFuncs__A)
                  00007308    00000008     empty_min_pem4f.oem4f (.const:ti_sysbios_knl_Idle_funcList__C)
                  00007310    00000008     empty_min_pem4f.oem4f (.const:xdc_runtime_Startup_firstFxns__C)
                  00007318    00000008     empty_min_pem4f.oem4f (.const:xdc_runtime_Startup_lastFxns__C)
                  00007320    00000004     empty_min_pem4f.oem4f (.const:ti_catalog_arm_cortexm4_tiva_ce_Boot_A_mustNotUseEnhancedClockMode__C)
                  00007324    00000004     empty_min_pem4f.oem4f (.const:ti_catalog_arm_cortexm4_tiva_ce_Boot_Module__diagsEnabled__C)
                  00007328    00000004     empty_min_pem4f.oem4f (.const:ti_catalog_arm_cortexm4_tiva_ce_Boot_Module__diagsIncluded__C)
                  0000732c    00000004     empty_min_pem4f.oem4f (.const:ti_catalog_arm_cortexm4_tiva_ce_Boot_Module__diagsMask__C)
                  00007330    00000004     empty_min_pem4f.oem4f (.const:ti_sysbios_family_arm_lm4_Timer_enableFunc__C)
                  00007334    00000004     empty_min_pem4f.oem4f (.const:ti_sysbios_family_arm_lm4_Timer_numTimerDevices__C)
                  00007338    00000004     empty_min_pem4f.oem4f (.const:ti_sysbios_family_arm_lm4_Timer_startupNeeded__C)
                  0000733c    00000004     empty_min_pem4f.oem4f (.const:ti_sysbios_family_arm_m3_Hwi_E_NMI__C)
                  00007340    00000004     empty_min_pem4f.oem4f (.const:ti_sysbios_family_arm_m3_Hwi_E_alreadyDefined__C)
                  00007344    00000004     empty_min_pem4f.oem4f (.const:ti_sysbios_family_arm_m3_Hwi_E_busFault__C)
                  00007348    00000004     empty_min_pem4f.oem4f (.const:ti_sysbios_family_arm_m3_Hwi_E_debugMon__C)
                  0000734c    00000004     empty_min_pem4f.oem4f (.const:ti_sysbios_family_arm_m3_Hwi_E_hardFault__C)
                  00007350    00000004     empty_min_pem4f.oem4f (.const:ti_sysbios_family_arm_m3_Hwi_E_memFault__C)
                  00007354    00000004     empty_min_pem4f.oem4f (.const:ti_sysbios_family_arm_m3_Hwi_E_noIsr__C)
                  00007358    00000004     empty_min_pem4f.oem4f (.const:ti_sysbios_family_arm_m3_Hwi_E_reserved__C)
                  0000735c    00000004     empty_min_pem4f.oem4f (.const:ti_sysbios_family_arm_m3_Hwi_E_svCall__C)
                  00007360    00000004     empty_min_pem4f.oem4f (.const:ti_sysbios_family_arm_m3_Hwi_E_usageFault__C)
                  00007364    00000004     empty_min_pem4f.oem4f (.const:ti_sysbios_family_arm_m3_Hwi_NUM_INTERRUPTS__C)
                  00007368    00000004     empty_min_pem4f.oem4f (.const:ti_sysbios_family_arm_m3_Hwi_Object__count__C)
                  0000736c    00000004     empty_min_pem4f.oem4f (.const:ti_sysbios_family_arm_m3_Hwi_ccr__C)
                  00007370    00000004     empty_min_pem4f.oem4f (.const:ti_sysbios_family_arm_m3_Hwi_excHandlerFunc__C)
                  00007374    00000004     empty_min_pem4f.oem4f (.const:ti_sysbios_family_arm_m3_Hwi_excHookFuncs__C)
                  00007378    00000004     empty_min_pem4f.oem4f (.const:ti_sysbios_family_arm_m3_Hwi_nullIsrFunc__C)
                  0000737c    00000004     empty_min_pem4f.oem4f (.const:ti_sysbios_family_arm_m3_Hwi_priGroup__C)
                  00007380    00000004     empty_min_pem4f.oem4f (.const:ti_sysbios_family_arm_m3_TaskSupport_stackAlignment__C)
                  00007384    00000004     empty_min_pem4f.oem4f (.const:ti_sysbios_gates_GateMutex_Instance_State_sem__O)
                  00007388    00000004     empty_min_pem4f.oem4f (.const:ti_sysbios_heaps_HeapMem_E_memory__C)
                  0000738c    00000004     empty_min_pem4f.oem4f (.const:ti_sysbios_heaps_HeapMem_Module__gateObj__C)
                  00007390    00000004     empty_min_pem4f.oem4f (.const:ti_sysbios_heaps_HeapMem_Object__count__C)
                  00007394    00000004     empty_min_pem4f.oem4f (.const:ti_sysbios_heaps_HeapMem_reqAlign__C)
                  00007398    00000004     empty_min_pem4f.oem4f (.const:ti_sysbios_knl_Clock_Module_State_clockQ__O)
                  0000739c    00000004     empty_min_pem4f.oem4f (.const:ti_sysbios_knl_Semaphore_Instance_State_pendQ__O)
                  000073a0    00000004     empty_min_pem4f.oem4f (.const:ti_sysbios_knl_Swi_Object__count__C)
                  000073a4    00000004     empty_min_pem4f.oem4f (.const:ti_sysbios_knl_Task_Module_State_inactiveQ__O)
                  000073a8    00000004     empty_min_pem4f.oem4f (.const:ti_sysbios_knl_Task_Object__count__C)
                  000073ac    00000004     empty_min_pem4f.oem4f (.const:ti_sysbios_knl_Task_allBlockedFunc__C)
                  000073b0    00000004     empty_min_pem4f.oem4f (.const:ti_sysbios_knl_Task_defaultStackHeap__C)
                  000073b4    00000004     empty_min_pem4f.oem4f (.const:ti_sysbios_knl_Task_defaultStackSize__C)
                  000073b8    00000004     empty_min_pem4f.oem4f (.const:ti_sysbios_knl_Task_numConstructedTasks__C)
                  000073bc    00000004     empty_min_pem4f.oem4f (.const:xdc_runtime_Assert_E_assertFailed__C)
                  000073c0    00000004     empty_min_pem4f.oem4f (.const:xdc_runtime_Core_A_initializedParams__C)
                  000073c4    00000004     empty_min_pem4f.oem4f (.const:xdc_runtime_Core_Module__diagsEnabled__C)
                  000073c8    00000004     empty_min_pem4f.oem4f (.const:xdc_runtime_Core_Module__diagsIncluded__C)
                  000073cc    00000004     empty_min_pem4f.oem4f (.const:xdc_runtime_Core_Module__diagsMask__C)
                  000073d0    00000004     empty_min_pem4f.oem4f (.const:xdc_runtime_Error_E_memory__C)
                  000073d4    00000004     empty_min_pem4f.oem4f (.const:xdc_runtime_Error_Module__diagsEnabled__C)
                  000073d8    00000004     empty_min_pem4f.oem4f (.const:xdc_runtime_Error_Module__diagsIncluded__C)
                  000073dc    00000004     empty_min_pem4f.oem4f (.const:xdc_runtime_Error_Module__diagsMask__C)
                  000073e0    00000004     empty_min_pem4f.oem4f (.const:xdc_runtime_Error_Module__loggerFxn8__C)
                  000073e4    00000004     empty_min_pem4f.oem4f (.const:xdc_runtime_Error_Module__loggerObj__C)
                  000073e8    00000004     empty_min_pem4f.oem4f (.const:xdc_runtime_Error_policyFxn__C)
                  000073ec    00000004     empty_min_pem4f.oem4f (.const:xdc_runtime_Error_raiseHook__C)
                  000073f0    00000004     empty_min_pem4f.oem4f (.const:xdc_runtime_IGateProvider_Interface__BASE__C)
                  000073f4    00000004     empty_min_pem4f.oem4f (.const:xdc_runtime_IHeap_Interface__BASE__C)
                  000073f8    00000004     empty_min_pem4f.oem4f (.const:xdc_runtime_IModule_Interface__BASE__C)
                  000073fc    00000004     empty_min_pem4f.oem4f (.const:xdc_runtime_Log_L_error__C)
                  00007400    00000004     empty_min_pem4f.oem4f (.const:xdc_runtime_Memory_defaultHeapInstance__C)
                  00007404    00000004     empty_min_pem4f.oem4f (.const:xdc_runtime_Startup_execImpl__C)
                  00007408    00000004     empty_min_pem4f.oem4f (.const:xdc_runtime_Startup_maxPasses__C)
                  0000740c    00000004     empty_min_pem4f.oem4f (.const:xdc_runtime_Startup_sfxnRts__C)
                  00007410    00000004     empty_min_pem4f.oem4f (.const:xdc_runtime_Startup_sfxnTab__C)
                  00007414    00000004     empty_min_pem4f.oem4f (.const:xdc_runtime_SysMin_bufSize__C)
                  00007418    00000004     empty_min_pem4f.oem4f (.const:xdc_runtime_SysMin_outputFunc__C)
                  0000741c    00000004     empty_min_pem4f.oem4f (.const:xdc_runtime_System_Module__gateObj__C)
                  00007420    00000004     empty_min_pem4f.oem4f (.const:xdc_runtime_System_abortFxn__C)
                  00007424    00000004     empty_min_pem4f.oem4f (.const:xdc_runtime_System_exitFxn__C)
                  00007428    00000004     empty_min_pem4f.oem4f (.const:xdc_runtime_System_extendFxn__C)
                  0000742c    00000004     empty_min_pem4f.oem4f (.const:xdc_runtime_System_maxAtexitHandlers__C)
                  00007430    00000004     empty_min_pem4f.oem4f (.const:xdc_runtime_Text_charTab__C)
                  00007434    00000004     empty_min_pem4f.oem4f (.const:xdc_runtime_Text_nameEmpty__C)
                  00007438    00000004     empty_min_pem4f.oem4f (.const:xdc_runtime_Text_nameStatic__C)
                  0000743c    00000004     empty_min_pem4f.oem4f (.const:xdc_runtime_Text_nameUnknown__C)
                  00007440    00000004     empty_min_pem4f.oem4f (.const:xdc_runtime_Text_nodeTab__C)
                  00007444    00000004     empty_min_pem4f.oem4f (.const:xdc_runtime_Text_visitRopeFxn__C)
                  00007448    00000002     empty_min_pem4f.oem4f (.const:ti_catalog_arm_cortexm4_tiva_ce_Boot_Module__id__C)
                  0000744a    00000002     empty_min_pem4f.oem4f (.const:ti_sysbios_family_arm_m3_Hwi_Module__id__C)
                  0000744c    00000002     empty_min_pem4f.oem4f (.const:ti_sysbios_heaps_HeapMem_Module__id__C)
                  0000744e    00000002     empty_min_pem4f.oem4f (.const:xdc_runtime_Core_Module__id__C)
                  00007450    00000002     empty_min_pem4f.oem4f (.const:xdc_runtime_Error_Module__loggerDefined__C)
                  00007452    00000002     empty_min_pem4f.oem4f (.const:xdc_runtime_Error_maxDepth__C)
                  00007454    00000002     empty_min_pem4f.oem4f (.const:xdc_runtime_Memory_Module__id__C)
                  00007456    00000002     empty_min_pem4f.oem4f (.const:xdc_runtime_SysMin_flushAtExit__C)
                  00007458    00000002     empty_min_pem4f.oem4f (.const:xdc_runtime_Text_charCnt__C)
                  0000745a    00000002     empty_min_pem4f.oem4f (.const:xdc_runtime_Text_isLoaded__C)
                  0000745c    00000002     empty_min_pem4f.oem4f (.const:xdc_runtime_Text_registryModsLastId__C)
                  0000745e    00000002     empty_min_pem4f.oem4f (.const:xdc_runtime_Text_unnamedModsLastId__C)
                  00007460    00000001     empty_min_pem4f.oem4f (.const:xdc_runtime_Error_policy__C)

.cinit     0    00007468    000001f8     
                  00007468    000001bf     (.cinit..data.load) [load image, compression = lzss]
                  00007627    00000001     --HOLE-- [fill = 0]
                  00007628    0000000c     (__TI_handler_table)
                  00007634    00000004     --HOLE-- [fill = 0]
                  00007638    00000008     (.cinit..bss.load) [load image, compression = zero_init]
                  00007640    00000008     (.cinit..vecs.load) [load image, compression = zero_init]
                  00007648    00000018     (__TI_cinit_table)

.init_array 
*          0    00000000    00000000     UNINITIALIZED

.resetVecs 
*          0    00000000    0000003c     
                  00000000    0000003c     empty_min_pem4f.oem4f (.resetVecs)

.bss       0    20000360    000019b0     UNINITIALIZED
                  20000360    00000fb8     (.common:task0Stack)
                  20001318    00000400     (.common:ti_sysbios_heaps_HeapMem_Instance_State_0_buf__A)
                  20001718    00000360     (.common:ti_sysbios_family_arm_m3_Hwi_dispatchTable)
                  20001a78    00000120     rtsv7M4_T_le_v4SPD16_eabi.lib : trgmsg.c.obj (.bss:_CIOBUF_)
                  20001b98    00000090     drivers_tivaware.aem4f : GPIOTiva.oem4f (.bss:gpioCallbackInfo)
                  20001c28    00000080     (.common:xdc_runtime_SysMin_Module_State_0_outbuf__A)
                  20001ca8    00000050     (.common:task0Struct)
                  20001cf8    00000008     (.common:parmbuf)
                  20001d00    00000004     (.common:g_ui32SysClock)
                  20001d04    00000004     (.common:gpioInterruptVectors)
                  20001d08    00000004     (.common:myHwi)
                  20001d0c    00000004     (.common:mySwi)

.data      0    20001d10    00000414     UNINITIALIZED
                  20001d10    00000080     empty_min_pem4f.oem4f (.data:ti_sysbios_knl_Swi_Module_State_0_readyQ__A)
                  20001d90    00000080     empty_min_pem4f.oem4f (.data:ti_sysbios_knl_Task_Module_State_0_readyQ__A)
                  20001e10    00000044     empty_min_pem4f.oem4f (.data:ti_sysbios_knl_Task_Module__state__V)
                  20001e54    00000040     empty_min_pem4f.oem4f (.data:ti_sysbios_family_arm_lm4_Timer_Module_State_0_device__A)
                  20001e94    00000040     empty_min_pem4f.oem4f (.data:ti_sysbios_family_arm_lm4_Timer_Object__table__V)
                  20001ed4    00000038     empty_min_pem4f.oem4f (.data:ti_sysbios_gates_GateMutex_Object__table__V)
                  20001f0c    00000034     empty_min_pem4f.oem4f (.data:ti_sysbios_family_arm_m3_Hwi_Module__state__V)
                  20001f40    00000032     empty_min.obj (.data:buffer)
                  20001f72    00000002     empty_min_pem4f.oem4f (.data:ti_sysbios_family_arm_m3_Hwi_Module_State_0_excActive__A)
                  20001f74    00000030     empty_min_pem4f.oem4f (.data:ti_sysbios_knl_Swi_Object__table__V)
                  20001fa4    0000002c     empty_min_pem4f.oem4f (.data:ti_sysbios_knl_Clock_Module__state__V)
                  20001fd0    00000024     empty_min_pem4f.oem4f (.data:ti_sysbios_BIOS_Module__state__V)
                  20001ff4    00000020     empty_min_pem4f.oem4f (.data:ti_sysbios_family_arm_lm4_Timer_Module_State_0_handles__A)
                  20002014    0000001c     empty_min_pem4f.oem4f (.data:ti_sysbios_knl_Swi_Module__state__V)
                  20002030    00000018     empty_min_pem4f.oem4f (.data:ti_sysbios_family_arm_m3_Hwi_Object__table__V)
                  20002048    00000018     empty_min_pem4f.oem4f (.data:ti_sysbios_heaps_HeapMem_Object__table__V)
                  20002060    00000010     EK_TM4C1294XL.obj (.data:gpioPinConfigs)
                  20002070    0000000c     empty_min_pem4f.oem4f (.data:ti_sysbios_family_arm_lm4_Timer_Module__state__V)
                  2000207c    0000000c     empty_min_pem4f.oem4f (.data:xdc_runtime_SysMin_Module__state__V)
                  20002088    00000008     rtsv7M4_T_le_v4SPD16_eabi.lib : _lock.c.obj (.data:$O1$$)
                  20002090    00000008     EK_TM4C1294XL.obj (.data:gpioCallbackFunctions)
                  20002098    00000008     empty_min_pem4f.oem4f (.data:ti_sysbios_family_arm_m3_Hwi_Module__root__V)
                  200020a0    00000008     empty_min_pem4f.oem4f (.data:ti_sysbios_gates_GateHwi_Module__root__V)
                  200020a8    00000008     empty_min_pem4f.oem4f (.data:ti_sysbios_gates_GateMutex_Module__root__V)
                  200020b0    00000008     empty_min_pem4f.oem4f (.data:ti_sysbios_hal_Hwi_Module__root__V)
                  200020b8    00000008     empty_min_pem4f.oem4f (.data:ti_sysbios_heaps_HeapMem_Module__root__V)
                  200020c0    00000008     empty_min_pem4f.oem4f (.data:ti_sysbios_knl_Queue_Module__root__V)
                  200020c8    00000008     empty_min_pem4f.oem4f (.data:ti_sysbios_knl_Semaphore_Module__root__V)
                  200020d0    00000008     empty_min_pem4f.oem4f (.data:ti_sysbios_knl_Swi_Module__root__V)
                  200020d8    00000008     empty_min_pem4f.oem4f (.data:ti_sysbios_knl_Task_Module__root__V)
                  200020e0    00000008     empty_min_pem4f.oem4f (.data:xdc_runtime_Registry_Module__state__V)
                  200020e8    00000008     empty_min_pem4f.oem4f (.data:xdc_runtime_Startup_Module__state__V)
                  200020f0    00000008     empty_min_pem4f.oem4f (.data:xdc_runtime_System_Module_State_0_atexitHandlers__A)
                  200020f8    00000008     empty_min_pem4f.oem4f (.data:xdc_runtime_System_Module__state__V)
                  20002100    00000005     drivers_tivaware.aem4f : GPIOTiva.oem4f (.data)
                  20002105    00000001     --HOLE--
                  20002106    00000002     empty_min_pem4f.oem4f (.data:xdc_runtime_Error_Module__state__V)
                  20002108    00000004     empty_min.obj (.data)
                  2000210c    00000004     rtsv7M4_T_le_v4SPD16_eabi.lib : stkdepth_vars.c.obj (.data)
                  20002110    00000004     empty_min_pem4f.oem4f (.data:ti_sysbios_family_arm_m3_Hwi_Module_State_0_excContext__A)
                  20002114    00000004     empty_min_pem4f.oem4f (.data:ti_sysbios_family_arm_m3_Hwi_Module_State_0_excStack__A)
                  20002118    00000004     empty_min_pem4f.oem4f (.data:ti_sysbios_gates_GateHwi_Object__table__V)
                  2000211c    00000004     empty_min_pem4f.oem4f (.data:ti_sysbios_knl_Task_Module_State_0_idleTask__A)
                  20002120    00000004     empty_min_pem4f.oem4f (.data:xdc_runtime_Memory_Module__state__V)

.stack     0    20002128    00000300     UNINITIALIZED
                  20002128    00000300     --HOLE--

.bootVecs 
*          0    00000000    00000008     DSECT
                  00000000    00000008     boot.aem4f : boot.oem4f (.bootVecs)

.vecs      0    20000000    00000360     UNINITIALIZED
                  20000000    00000360     empty_min_pem4f.oem4f (.vecs)

xdc.meta   0    00000000    000000f0     COPY SECTION
                  00000000    000000f0     empty_min_pem4f.oem4f (xdc.meta)

MODULE SUMMARY

       Module                       code    ro data   rw data
       ------                       ----    -------   -------
    ./
       empty_min.obj                574     0         4170   
       EK_TM4C1294XL.obj            192     20        24     
    +--+----------------------------+-------+---------+---------+
       Total:                       766     20        4194   
                                                             
    /home/jordikitto/ti_rtos/empty_min_EK_TM4C1294XL_TI/Debug/configPkg/package/cfg/
       empty_min_pem4f.oem4f        2060    7689      3828   
    +--+----------------------------+-------+---------+---------+
       Total:                       2060    7689      3828   
                                                             
    /home/jordikitto/ti/ccs901/ccs/tools/compiler/ti-cgt-arm_18.12.1.LTS/lib/rtsv7M4_T_le_v4SPD16_eabi.lib
       trgmsg.c.obj                 108     0         288    
       memcpy_t2.asm.obj            156     0         0      
       memset_t2.asm.obj            122     0         0      
       copy_decompress_lzss.c.obj   104     0         0      
       hostwrite.c.obj              88      0         0      
       cpy_tbl.c.obj                76      0         0      
       u_divt2.asm.obj              64      0         0      
       _lock.c.obj                  26      0         8      
       args_main.c.obj              24      0         0      
       strlen.c.obj                 20      0         0      
       copy_decompress_none.c.obj   14      0         0      
       copy_zero_init.c.obj         12      0         0      
       hostopen.c.obj               0       0         8      
       exit.c.obj                   4       0         0      
       stkdepth_vars.c.obj          0       0         4      
       div0.asm.obj                 2       0         0      
    +--+----------------------------+-------+---------+---------+
       Total:                       820     0         308    
                                                             
    /home/jordikitto/ti/tirtos_tivac_2_16_00_08/products/TivaWare_C_Series-2.1.1.71b/driverlib/ccs/Debug/driverlib.lib
       sysctl.obj                   668     452       0      
       gpio.obj                     554     144       0      
       interrupt.obj                104     112       0      
       uart.obj                     176     0         0      
    +--+----------------------------+-------+---------+---------+
       Total:                       1502    708       0      
                                                             
    /home/jordikitto/ti/tirtos_tivac_2_16_00_08/products/bios_6_45_01_29/packages/ti/catalog/arm/cortexm4/tiva/ce/lib/Boot.aem4f
       Boot_sysctl.oem4f            628     452       0      
       Boot.oem4f                   152     0         0      
    +--+----------------------------+-------+---------+---------+
       Total:                       780     452       0      
                                                             
    /home/jordikitto/ti/tirtos_tivac_2_16_00_08/products/bios_6_45_01_29/packages/ti/targets/arm/rtsarm/lib/auto_init.aem4f
       auto_init.oem4f              160     0         0      
    +--+----------------------------+-------+---------+---------+
       Total:                       160     0         0      
                                                             
    /home/jordikitto/ti/tirtos_tivac_2_16_00_08/products/bios_6_45_01_29/packages/ti/targets/arm/rtsarm/lib/boot.aem4f
       boot.oem4f                   88      0         0      
    +--+----------------------------+-------+---------+---------+
       Total:                       88      0         0      
                                                             
    /home/jordikitto/ti/tirtos_tivac_2_16_00_08/products/bios_6_45_01_29/packages/ti/targets/arm/rtsarm/lib/ti.targets.arm.rtsarm.aem4f
       System.oem4f                 1255    0         0      
       Text.oem4f                   672     0         0      
       Error.oem4f                  524     0         0      
       Core-mem.oem4f               358     0         0      
       Startup.oem4f                328     0         0      
       SysMin.oem4f                 248     0         0      
       Core-smem.oem4f              204     0         0      
       Memory.oem4f                 176     0         0      
       Assert.oem4f                 84      0         0      
       Core-params.oem4f            70      0         0      
       Core-label.oem4f             52      0         0      
       Registry.oem4f               32      0         0      
       Gate.oem4f                   28      0         0      
    +--+----------------------------+-------+---------+---------+
       Total:                       4031    0         0      
                                                             
    /home/jordikitto/ti/tirtos_tivac_2_16_00_08/products/tidrivers_tivac_2_16_00_08/packages/ti/drivers/lib/drivers_tivaware.aem4f
       GPIOTiva.oem4f               844     156       153    
    +--+----------------------------+-------+---------+---------+
       Total:                       844     156       153    
                                                             
    /home/jordikitto/ti_rtos/empty_min_EK_TM4C1294XL_TI/src/sysbios/sysbios.aem4f
       BIOS.obj                     8920    0         0      
       m3_Hwi_asm.obj               314     0         0      
       m3_TaskSupport_asm.obj       180     0         0      
       m3_Hwi_asm_switch.obj        118     0         0      
    +--+----------------------------+-------+---------+---------+
       Total:                       9532    0         0      
                                                             
       Stack:                       0       0         768    
       Linker Generated:            0       499       0      
    +--+----------------------------+-------+---------+---------+
       Grand Total:                 20583   9524      9251   


LINKER GENERATED COPY TABLES

__TI_cinit_table @ 00007648 records: 3, size/record: 8, table size: 24
	.data: load addr=00007468, load size=000001bf bytes, run addr=20001d10, run size=00000414 bytes, compression=lzss
	.bss: load addr=00007638, load size=00000008 bytes, run addr=20000360, run size=000019b0 bytes, compression=zero_init
	.vecs: load addr=00007640, load size=00000008 bytes, run addr=20000000, run size=00000360 bytes, compression=zero_init


LINKER GENERATED HANDLER TABLE

__TI_handler_table @ 00007628 records: 3, size/record: 4, table size: 12
	index: 0, handler: __TI_decompress_lzss
	index: 1, handler: __TI_decompress_none
	index: 2, handler: __TI_zero_init


GLOBAL SYMBOLS: SORTED ALPHABETICALLY BY Name 

address   name                                                                 
-------   ----                                                                 
00000dc5  C$$EXIT                                                              
000040eb  C$$IO$$                                                              
000050bf  EK_TM4C1294XL_initGPIO                                               
0000229d  EK_TM4C1294XL_initGeneral                                            
00004641  GPIODirModeSet                                                       
00003f7b  GPIOIntClear                                                         
00004f69  GPIOIntStatus                                                        
000035a9  GPIOIntTypeSet                                                       
000015d9  GPIOPadConfigSet                                                     
00003b15  GPIOPinConfigure                                                     
000050e9  GPIOPinRead                                                          
00004e4d  GPIOPinTypeUART                                                      
000050ef  GPIOPinWrite                                                         
000072b8  GPIOTiva_config                                                      
00002fb5  GPIO_hwiIntFxn                                                       
000028dd  GPIO_init                                                            
00003755  GPIO_setCallback                                                     
000011fd  GPIO_setConfig                                                       
000037a5  GPIO_toggle                                                          
000037f5  GPIO_write                                                           
000034a1  HOSTwrite                                                            
00002e7d  IntEnable                                                            
UNDEFED   SHT$$INIT_ARRAY$$Base                                                
UNDEFED   SHT$$INIT_ARRAY$$Limit                                               
000007bd  SysCtlClockFreqSet                                                   
000041d9  SysCtlPeripheralEnable                                               
00004f77  UARTCharGetNonBlocking                                               
00004f85  UARTCharPutNonBlocking                                               
00004fbd  UARTCharsAvail                                                       
00003ef9  UARTConfigSetExpClk                                                  
00004a49  UARTDisable                                                          
00004dc1  UARTEnable                                                           
00000bc5  UARTIntClear                                                         
000050c7  UARTIntEnable                                                        
00005095  UARTIntStatus                                                        
00000000  __ASM__                                                              
20001a78  __CIOBUF_                                                            
0000006e  __ISA__                                                              
00000081  __PLAT__                                                             
20002428  __STACK_END                                                          
00000300  __STACK_SIZE                                                         
000000a2  __TARG__                                                             
00007648  __TI_CINIT_Base                                                      
00007660  __TI_CINIT_Limit                                                     
00007628  __TI_Handler_Table_Base                                              
00007634  __TI_Handler_Table_Limit                                             
00002405  __TI_auto_init                                                       
00002ee5  __TI_decompress_lzss                                                 
00004f93  __TI_decompress_none                                                 
ffffffff  __TI_pprof_out_hndl                                                  
ffffffff  __TI_prof_data_size                                                  
ffffffff  __TI_prof_data_start                                                 
0000420d  __TI_readmsg                                                         
00007468  __TI_static_base__                                                   
000040bd  __TI_writemsg                                                        
00004fe1  __TI_zero_init                                                       
000000c8  __TRDR__                                                             
00002b77  __aeabi_idiv0                                                        
00002b77  __aeabi_ldiv0                                                        
00002afd  __aeabi_memclr                                                       
00002afd  __aeabi_memclr4                                                      
00002afd  __aeabi_memclr8                                                      
00002545  __aeabi_memcpy                                                       
00002545  __aeabi_memcpy4                                                      
00002545  __aeabi_memcpy8                                                      
00002aff  __aeabi_memset                                                       
00002aff  __aeabi_memset4                                                      
00002aff  __aeabi_memset8                                                      
00003f3b  __aeabi_uidiv                                                        
00003f3b  __aeabi_uidivmod                                                     
ffffffff  __binit__                                                            
ffffffff  __c_args__                                                           
20002128  __stack                                                              
00004c75  _args_main                                                           
000034f9  _c_int00                                                             
20002088  _lock                                                                
0000267b  _nop                                                                 
00004fc9  _register_lock                                                       
00004fd5  _register_unlock                                                     
2000208c  _unlock                                                              
00000dc5  abort                                                                
ffffffff  binit                                                                
20001f40  buffer                                                               
20002108  buffer_index                                                         
00003989  copy_in                                                              
20001d00  g_ui32SysClock                                                       
20002090  gpioCallbackFunctions                                                
20002060  gpioPinConfigs                                                       
00004dd5  heartBeatFxn                                                         
00001499  main                                                                 
2000210c  main_func_sp                                                         
00002545  memcpy                                                               
00002b05  memset                                                               
20001d08  myHwi                                                                
0000320d  myHwiFunc                                                            
20001d0c  mySwi                                                                
00003ba5  mySwiFunc                                                            
00004f09  osi_TaskDisable                                                      
00004ea9  osi_start                                                            
20001cf8  parmbuf                                                              
00004de9  strlen                                                               
20000360  task0Stack                                                           
20001ca8  task0Struct                                                          
00007320  ti_catalog_arm_cortexm4_tiva_ce_Boot_A_mustNotUseEnhancedClockMode__C
00007324  ti_catalog_arm_cortexm4_tiva_ce_Boot_Module__diagsEnabled__C         
00007328  ti_catalog_arm_cortexm4_tiva_ce_Boot_Module__diagsIncluded__C        
0000732c  ti_catalog_arm_cortexm4_tiva_ce_Boot_Module__diagsMask__C            
00007448  ti_catalog_arm_cortexm4_tiva_ce_Boot_Module__id__C                   
00004e85  ti_catalog_arm_cortexm4_tiva_ce_Boot_init__I                         
000009c1  ti_catalog_arm_cortexm4_tiva_ce_Boot_sysCtlClockFreqSetI__I          
0000267d  ti_catalog_arm_cortexm4_tiva_ce_Boot_sysCtlClockFreqSet__E           
20001fd0  ti_sysbios_BIOS_Module__state__V                                     
00004bd9  ti_sysbios_BIOS_RtsGateProxy_Handle__label__S                        
000047c5  ti_sysbios_BIOS_RtsGateProxy_Object__delete__S                       
00000f3d  ti_sysbios_BIOS_RtsGateProxy_enter__E                                
000010a5  ti_sysbios_BIOS_RtsGateProxy_leave__E                                
00005139  ti_sysbios_BIOS_RtsGateProxy_query__E                                
0000434d  ti_sysbios_BIOS_atExitFunc__I                                        
00004735  ti_sysbios_BIOS_errorRaiseHook__I                                    
00004d69  ti_sysbios_BIOS_exitFunc__I                                          
00002cc7  ti_sysbios_BIOS_nullFunc__I                                          
00004759  ti_sysbios_BIOS_registerRTSLock__I                                   
0000477d  ti_sysbios_BIOS_removeRTSLock__I                                     
000048e5  ti_sysbios_BIOS_rtsLock__I                                           
00004c8d  ti_sysbios_BIOS_rtsUnlock__I                                         
00004e99  ti_sysbios_BIOS_setThreadType__E                                     
000047a1  ti_sysbios_BIOS_startFunc__I                                         
00004ea9  ti_sysbios_BIOS_start__E                                             
20001e54  ti_sysbios_family_arm_lm4_Timer_Module_State_0_device__A             
20001ff4  ti_sysbios_family_arm_lm4_Timer_Module_State_0_handles__A            
00004ca5  ti_sysbios_family_arm_lm4_Timer_Module__startupDone__F               
00004ca5  ti_sysbios_family_arm_lm4_Timer_Module__startupDone__S               
20002070  ti_sysbios_family_arm_lm4_Timer_Module__state__V                     
00003019  ti_sysbios_family_arm_lm4_Timer_Module_startup__E                    
20001e94  ti_sysbios_family_arm_lm4_Timer_Object__table__V                     
00007330  ti_sysbios_family_arm_lm4_Timer_enableFunc__C                        
00003bf1  ti_sysbios_family_arm_lm4_Timer_enableTimers__I                      
00002359  ti_sysbios_family_arm_lm4_Timer_enableTiva__I                        
00004ff1  ti_sysbios_family_arm_lm4_Timer_getMaxTicks__E                       
00003601  ti_sysbios_family_arm_lm4_Timer_initDevice__I                        
00003d59  ti_sysbios_family_arm_lm4_Timer_isrStub__E                           
000050cf  ti_sysbios_family_arm_lm4_Timer_masterDisable__I                     
0000134d  ti_sysbios_family_arm_lm4_Timer_masterEnable__I                      
00007334  ti_sysbios_family_arm_lm4_Timer_numTimerDevices__C                   
00001821  ti_sysbios_family_arm_lm4_Timer_start__E                             
00007338  ti_sysbios_family_arm_lm4_Timer_startupNeeded__C                     
00003f81  ti_sysbios_family_arm_lm4_Timer_startup__E                           
00004381  ti_sysbios_family_arm_lm4_Timer_stop__E                              
00004881  ti_sysbios_family_arm_lm4_Timer_write__I                             
0000733c  ti_sysbios_family_arm_m3_Hwi_E_NMI__C                                
00007340  ti_sysbios_family_arm_m3_Hwi_E_alreadyDefined__C                     
00007344  ti_sysbios_family_arm_m3_Hwi_E_busFault__C                           
00007348  ti_sysbios_family_arm_m3_Hwi_E_debugMon__C                           
0000734c  ti_sysbios_family_arm_m3_Hwi_E_hardFault__C                          
00007350  ti_sysbios_family_arm_m3_Hwi_E_memFault__C                           
00007354  ti_sysbios_family_arm_m3_Hwi_E_noIsr__C                              
00007358  ti_sysbios_family_arm_m3_Hwi_E_reserved__C                           
0000735c  ti_sysbios_family_arm_m3_Hwi_E_svCall__C                             
00007360  ti_sysbios_family_arm_m3_Hwi_E_usageFault__C                         
00004ba5  ti_sysbios_family_arm_m3_Hwi_Handle__label__S                        
00004241  ti_sysbios_family_arm_m3_Hwi_Instance_finalize__E                    
00002719  ti_sysbios_family_arm_m3_Hwi_Instance_init__E                        
20001f72  ti_sysbios_family_arm_m3_Hwi_Module_State_0_excActive__A             
20002110  ti_sysbios_family_arm_m3_Hwi_Module_State_0_excContext__A            
20002114  ti_sysbios_family_arm_m3_Hwi_Module_State_0_excStack__A              
0000744a  ti_sysbios_family_arm_m3_Hwi_Module__id__C                           
20002098  ti_sysbios_family_arm_m3_Hwi_Module__root__V                         
00004cbd  ti_sysbios_family_arm_m3_Hwi_Module__startupDone__F                  
00004cbd  ti_sysbios_family_arm_m3_Hwi_Module__startupDone__S                  
20001f0c  ti_sysbios_family_arm_m3_Hwi_Module__state__V                        
00003899  ti_sysbios_family_arm_m3_Hwi_Module_startup__E                       
00007364  ti_sysbios_family_arm_m3_Hwi_NUM_INTERRUPTS__C                       
00007130  ti_sysbios_family_arm_m3_Hwi_Object__DESC__C                         
[...]
00004f39  xdc_runtime_SysMin_ready__E                                          
00004f39  xdc_runtime_System_SupportProxy_ready__E                             
00004f49  xdc_runtime_System_vsnprintf__E                                      
00004f59  xdc_runtime_Text_visitRope__I                                        
00004f69  GPIOIntStatus                                                        
00004f77  UARTCharGetNonBlocking                                               
00004f85  UARTCharPutNonBlocking                                               
00004f93  __TI_decompress_none                                                 
00004fa1  ti_sysbios_knl_Queue_empty__E                                        
00004faf  ti_sysbios_knl_Task_Object__get__S                                   
00004fbd  UARTCharsAvail                                                       
00004fc9  _register_lock                                                       
00004fd5  _register_unlock                                                     
00004fe1  __TI_zero_init                                                       
00004ff1  ti_sysbios_family_arm_lm4_Timer_getMaxTicks__E                       
00004ffd  ti_sysbios_family_arm_m3_Hwi_Params__init__S                         
00004ffd  ti_sysbios_hal_Hwi_HwiProxy_Params__init__S                          
00005009  ti_sysbios_family_arm_m3_Hwi_disableFxn__E                           
00005009  ti_sysbios_hal_Hwi_HwiProxy_disable__E                               
00005019  ti_sysbios_family_arm_m3_TaskSupport_getStackAlignment__E            
00005019  ti_sysbios_knl_Task_SupportProxy_getStackAlignment__E                
00005029  ti_sysbios_gates_GateHwi_enter__E                                    
00005035  ti_sysbios_hal_Hwi_Params__init__S                                   
00005041  ti_sysbios_knl_Queue_Object__get__S                                  
0000504d  ti_sysbios_knl_Swi_Params__init__S                                   
00005059  ti_sysbios_knl_Task_Params__init__S                                  
00005065  xdc_runtime_Error_init__E                                            
00005071  xdc_runtime_Gate_enterSystem__E                                      
0000507d  xdc_runtime_Memory_calloc__E                                         
00005089  xdc_runtime_Memory_getMaxDefaultTypeAlign__E                         
00005095  UARTIntStatus                                                        
000050a1  ti_sysbios_hal_Hwi_Instance_finalize__E                              
000050ab  xdc_runtime_Memory_HeapProxy_alloc__E                                
000050b5  xdc_runtime_Memory_HeapProxy_free__E                                 
000050bf  EK_TM4C1294XL_initGPIO                                               
000050c7  UARTIntEnable                                                        
000050cf  ti_sysbios_family_arm_lm4_Timer_masterDisable__I                     
000050d9  ti_sysbios_family_arm_m3_Hwi_doSwiRestore__I                         
000050e1  ti_sysbios_family_arm_m3_Hwi_startup__E                              
000050e1  ti_sysbios_hal_Hwi_HwiProxy_startup__E                               
000050e1  ti_sysbios_hal_Hwi_startup__E                                        
000050e9  GPIOPinRead                                                          
000050ef  GPIOPinWrite                                                         
000050f9  ti_sysbios_family_arm_m3_Hwi_doTaskRestore__I                        
00005101  ti_sysbios_family_arm_m3_Hwi_restoreFxn__E                           
00005101  ti_sysbios_hal_Hwi_HwiProxy_restore__E                               
00005109  ti_sysbios_gates_GateHwi_leave__E                                    
00005111  ti_sysbios_heaps_HeapMem_isBlocking__E                               
00005119  ti_sysbios_knl_Queue_Instance_init__E                                
00005121  ti_sysbios_knl_Swi_startup__E                                        
00005127  xdc_runtime_System_Module_startup__E                                 
00005131  ti_sysbios_gates_GateHwi_query__E                                    
00005131  xdc_runtime_Main_Module_GateProxy_query__E                           
00005131  xdc_runtime_System_Module_GateProxy_query__E                         
00005139  ti_sysbios_BIOS_RtsGateProxy_query__E                                
00005139  ti_sysbios_gates_GateMutex_query__E                                  
00005139  ti_sysbios_heaps_HeapMem_Module_GateProxy_query__E                   
00005141  ti_sysbios_knl_Task_startup__E                                       
00005149  ti_sysbios_gates_GateHwi_Instance_init__E                            
00005151  ti_sysbios_knl_Clock_logTick__E                                      
00005159  ti_sysbios_knl_Swi_Instance_finalize__E                              
0000515c  xdc_runtime_Text_charTab__A                                          
00006be0  xdc_runtime_Text_nodeTab__A                                          
00006f58  ti_sysbios_knl_Task_Object__PARAMS__C                                
00006ff4  ti_sysbios_family_arm_m3_Hwi_Object__PARAMS__C                       
00007024  ti_sysbios_hal_Hwi_Object__PARAMS__C                                 
00007050  ti_sysbios_heaps_HeapMem_Module__FXNS__C                             
00007078  ti_sysbios_knl_Swi_Object__PARAMS__C                                 
000070a0  ti_sysbios_gates_GateHwi_Module__FXNS__C                             
000070c4  ti_sysbios_gates_GateMutex_Module__FXNS__C                           
000070e8  ti_sysbios_heaps_HeapMem_Object__PARAMS__C                           
0000710c  ti_sysbios_knl_Semaphore_Object__PARAMS__C                           
00007130  ti_sysbios_family_arm_m3_Hwi_Object__DESC__C                         
00007150  ti_sysbios_gates_GateHwi_Object__DESC__C                             
00007170  ti_sysbios_gates_GateMutex_Object__DESC__C                           
00007190  ti_sysbios_hal_Hwi_Object__DESC__C                                   
000071b0  ti_sysbios_heaps_HeapMem_Object__DESC__C                             
000071d0  ti_sysbios_knl_Queue_Object__DESC__C                                 
000071f0  ti_sysbios_knl_Semaphore_Object__DESC__C                             
00007210  ti_sysbios_knl_Swi_Object__DESC__C                                   
00007230  ti_sysbios_knl_Task_Object__DESC__C                                  
00007250  xdc_runtime_Startup_sfxnTab__A                                       
00007270  ti_sysbios_gates_GateHwi_Object__PARAMS__C                           
00007288  ti_sysbios_gates_GateMutex_Object__PARAMS__C                         
000072a0  ti_sysbios_knl_Queue_Object__PARAMS__C                               
000072b8  GPIOTiva_config                                                      
000072cc  xdc_runtime_Startup_firstFxns__A                                     
000072e0  xdc_runtime_Startup_sfxnRts__A                                       
00007300  ti_sysbios_family_arm_m3_Hwi_excHookFuncs__A                         
00007308  ti_sysbios_knl_Idle_funcList__C                                      
00007310  xdc_runtime_Startup_firstFxns__C                                     
00007318  xdc_runtime_Startup_lastFxns__C                                      
00007320  ti_catalog_arm_cortexm4_tiva_ce_Boot_A_mustNotUseEnhancedClockMode__C
00007324  ti_catalog_arm_cortexm4_tiva_ce_Boot_Module__diagsEnabled__C         
00007328  ti_catalog_arm_cortexm4_tiva_ce_Boot_Module__diagsIncluded__C        
0000732c  ti_catalog_arm_cortexm4_tiva_ce_Boot_Module__diagsMask__C            
00007330  ti_sysbios_family_arm_lm4_Timer_enableFunc__C                        
00007334  ti_sysbios_family_arm_lm4_Timer_numTimerDevices__C                   
00007338  ti_sysbios_family_arm_lm4_Timer_startupNeeded__C                     
0000733c  ti_sysbios_family_arm_m3_Hwi_E_NMI__C                                
00007340  ti_sysbios_family_arm_m3_Hwi_E_alreadyDefined__C                     
00007344  ti_sysbios_family_arm_m3_Hwi_E_busFault__C                           
00007348  ti_sysbios_family_arm_m3_Hwi_E_debugMon__C                           
0000734c  ti_sysbios_family_arm_m3_Hwi_E_hardFault__C                          
00007350  ti_sysbios_family_arm_m3_Hwi_E_memFault__C                           
00007354  ti_sysbios_family_arm_m3_Hwi_E_noIsr__C                              
00007358  ti_sysbios_family_arm_m3_Hwi_E_reserved__C                           
0000735c  ti_sysbios_family_arm_m3_Hwi_E_svCall__C                             
00007360  ti_sysbios_family_arm_m3_Hwi_E_usageFault__C                         
00007364  ti_sysbios_family_arm_m3_Hwi_NUM_INTERRUPTS__C                       
00007368  ti_sysbios_family_arm_m3_Hwi_Object__count__C                        
0000736c  ti_sysbios_family_arm_m3_Hwi_ccr__C                                  
00007370  ti_sysbios_family_arm_m3_Hwi_excHandlerFunc__C                       
00007374  ti_sysbios_family_arm_m3_Hwi_excHookFuncs__C                         
00007378  ti_sysbios_family_arm_m3_Hwi_nullIsrFunc__C                          
0000737c  ti_sysbios_family_arm_m3_Hwi_priGroup__C                             
00007380  ti_sysbios_family_arm_m3_TaskSupport_stackAlignment__C               
00007384  ti_sysbios_gates_GateMutex_Instance_State_sem__O                     
00007388  ti_sysbios_heaps_HeapMem_E_memory__C                                 
0000738c  ti_sysbios_heaps_HeapMem_Module__gateObj__C                          
00007390  ti_sysbios_heaps_HeapMem_Object__count__C                            
00007394  ti_sysbios_heaps_HeapMem_reqAlign__C                                 
00007398  ti_sysbios_knl_Clock_Module_State_clockQ__O                          
0000739c  ti_sysbios_knl_Semaphore_Instance_State_pendQ__O                     
000073a0  ti_sysbios_knl_Swi_Object__count__C                                  
000073a4  ti_sysbios_knl_Task_Module_State_inactiveQ__O                        
000073a8  ti_sysbios_knl_Task_Object__count__C                                 
000073ac  ti_sysbios_knl_Task_allBlockedFunc__C                                
000073b0  ti_sysbios_knl_Task_defaultStackHeap__C                              
000073b4  ti_sysbios_knl_Task_defaultStackSize__C                              
000073b8  ti_sysbios_knl_Task_numConstructedTasks__C                           
000073bc  xdc_runtime_Assert_E_assertFailed__C                                 
000073c0  xdc_runtime_Core_A_initializedParams__C                              
000073c4  xdc_runtime_Core_Module__diagsEnabled__C                             
000073c8  xdc_runtime_Core_Module__diagsIncluded__C                            
000073cc  xdc_runtime_Core_Module__diagsMask__C                                
000073d0  xdc_runtime_Error_E_memory__C                                        
000073d4  xdc_runtime_Error_Module__diagsEnabled__C                            
000073d8  xdc_runtime_Error_Module__diagsIncluded__C                           
000073dc  xdc_runtime_Error_Module__diagsMask__C                               
000073e0  xdc_runtime_Error_Module__loggerFxn8__C                              
000073e4  xdc_runtime_Error_Module__loggerObj__C                               
000073e8  xdc_runtime_Error_policyFxn__C                                       
000073ec  xdc_runtime_Error_raiseHook__C                                       
000073f0  xdc_runtime_IGateProvider_Interface__BASE__C                         
000073f4  xdc_runtime_IHeap_Interface__BASE__C                                 
000073f8  xdc_runtime_IModule_Interface__BASE__C                               
000073fc  xdc_runtime_Log_L_error__C                                           
00007400  xdc_runtime_Memory_defaultHeapInstance__C                            
00007404  xdc_runtime_Startup_execImpl__C                                      
00007408  xdc_runtime_Startup_maxPasses__C                                     
0000740c  xdc_runtime_Startup_sfxnRts__C                                       
00007410  xdc_runtime_Startup_sfxnTab__C                                       
00007414  xdc_runtime_SysMin_bufSize__C                                        
00007418  xdc_runtime_SysMin_outputFunc__C                                     
0000741c  xdc_runtime_System_Module__gateObj__C                                
00007420  xdc_runtime_System_abortFxn__C                                       
00007424  xdc_runtime_System_exitFxn__C                                        
00007428  xdc_runtime_System_extendFxn__C                                      
0000742c  xdc_runtime_System_maxAtexitHandlers__C                              
00007430  xdc_runtime_Text_charTab__C                                          
00007434  xdc_runtime_Text_nameEmpty__C                                        
00007438  xdc_runtime_Text_nameStatic__C                                       
0000743c  xdc_runtime_Text_nameUnknown__C                                      
00007440  xdc_runtime_Text_nodeTab__C                                          
00007444  xdc_runtime_Text_visitRopeFxn__C                                     
00007448  ti_catalog_arm_cortexm4_tiva_ce_Boot_Module__id__C                   
0000744a  ti_sysbios_family_arm_m3_Hwi_Module__id__C                           
0000744c  ti_sysbios_heaps_HeapMem_Module__id__C                               
0000744e  xdc_runtime_Core_Module__id__C                                       
00007450  xdc_runtime_Error_Module__loggerDefined__C                           
00007452  xdc_runtime_Error_maxDepth__C                                        
00007454  xdc_runtime_Memory_Module__id__C                                     
00007456  xdc_runtime_SysMin_flushAtExit__C                                    
00007458  xdc_runtime_Text_charCnt__C                                          
0000745a  xdc_runtime_Text_isLoaded__C                                         
0000745c  xdc_runtime_Text_registryModsLastId__C                               
0000745e  xdc_runtime_Text_unnamedModsLastId__C                                
00007460  xdc_runtime_Error_policy__C                                          
00007468  __TI_static_base__                                                   
00007628  __TI_Handler_Table_Base                                              
00007634  __TI_Handler_Table_Limit                                             
00007648  __TI_CINIT_Base                                                      
00007660  __TI_CINIT_Limit                                                     
20000000  ti_sysbios_family_arm_m3_Hwi_ramVectors                              
20000360  task0Stack                                                           
20001318  ti_sysbios_heaps_HeapMem_Instance_State_0_buf__A                     
20001718  ti_sysbios_family_arm_m3_Hwi_dispatchTable                           
20001a78  __CIOBUF_                                                            
20001c28  xdc_runtime_SysMin_Module_State_0_outbuf__A                          
20001ca8  task0Struct                                                          
20001cf8  parmbuf                                                              
20001d00  g_ui32SysClock                                                       
20001d08  myHwi                                                                
20001d0c  mySwi                                                                
20001d10  ti_sysbios_knl_Swi_Module_State_0_readyQ__A                          
20001d90  ti_sysbios_knl_Task_Module_State_0_readyQ__A                         
20001e10  ti_sysbios_knl_Task_Module__state__V                                 
20001e54  ti_sysbios_family_arm_lm4_Timer_Module_State_0_device__A             
20001e94  ti_sysbios_family_arm_lm4_Timer_Object__table__V                     
20001ed4  ti_sysbios_gates_GateMutex_Object__table__V                          
20001f0c  ti_sysbios_family_arm_m3_Hwi_Module__state__V                        
20001f40  buffer                                                               
20001f72  ti_sysbios_family_arm_m3_Hwi_Module_State_0_excActive__A             
20001f74  ti_sysbios_knl_Swi_Object__table__V                                  
20001fa4  ti_sysbios_knl_Clock_Module__state__V                                
20001fd0  ti_sysbios_BIOS_Module__state__V                                     
20001ff4  ti_sysbios_family_arm_lm4_Timer_Module_State_0_handles__A            
20002014  ti_sysbios_knl_Swi_Module__state__V                                  
20002030  ti_sysbios_family_arm_m3_Hwi_Object__table__V                        
20002048  ti_sysbios_heaps_HeapMem_Object__table__V                            
20002060  gpioPinConfigs                                                       
20002070  ti_sysbios_family_arm_lm4_Timer_Module__state__V                     
2000207c  xdc_runtime_SysMin_Module__state__V                                  
20002088  _lock                                                                
2000208c  _unlock                                                              
20002090  gpioCallbackFunctions                                                
20002098  ti_sysbios_family_arm_m3_Hwi_Module__root__V                         
200020a0  ti_sysbios_gates_GateHwi_Module__root__V                             
200020a8  ti_sysbios_gates_GateMutex_Module__root__V                           
200020b0  ti_sysbios_hal_Hwi_Module__root__V                                   
200020b8  ti_sysbios_heaps_HeapMem_Module__root__V                             
200020c0  ti_sysbios_knl_Queue_Module__root__V                                 
200020c8  ti_sysbios_knl_Semaphore_Module__root__V                             
200020d0  ti_sysbios_knl_Swi_Module__root__V                                   
200020d8  ti_sysbios_knl_Task_Module__root__V                                  
200020e0  xdc_runtime_Registry_Module__state__V                                
200020e8  xdc_runtime_Startup_Module__state__V                                 
200020f0  xdc_runtime_System_Module_State_0_atexitHandlers__A                  
200020f8  xdc_runtime_System_Module__state__V                                  
20002106  xdc_runtime_Error_Module__state__V                                   
20002108  buffer_index                                                         
2000210c  main_func_sp                                                         
20002110  ti_sysbios_family_arm_m3_Hwi_Module_State_0_excContext__A            
20002114  ti_sysbios_family_arm_m3_Hwi_Module_State_0_excStack__A              
20002118  ti_sysbios_gates_GateHwi_Object__table__V                            
2000211c  ti_sysbios_knl_Task_Module_State_0_idleTask__A                       
20002120  xdc_runtime_Memory_Module__state__V                                  
20002128  __stack                                                              
20002428  __STACK_END                                                          
e000e000  ti_sysbios_family_arm_m3_Hwi_nvic                                    
ffffffff  __TI_pprof_out_hndl                                                  
ffffffff  __TI_prof_data_size                                                  
ffffffff  __TI_prof_data_start                                                 
ffffffff  __binit__                                                            
ffffffff  __c_args__                                                           
ffffffff  binit                                                                
UNDEFED   SHT$$INIT_ARRAY$$Base                                                
UNDEFED   SHT$$INIT_ARRAY$$Limit                                               

[540 symbols]
