******************************************************************************
                  TI ARM Linker Unix v18.12.1                  
******************************************************************************
>> Linked Thu Apr 18 11:54:47 2019

OUTPUT FILE NAME:   <empty_min_EK_TM4C1294XL_TI.out>
ENTRY POINT SYMBOL: "_c_int00"  address: 000033f9


MEMORY CONFIGURATION

         name            origin    length      used     unused   attr    fill
----------------------  --------  ---------  --------  --------  ----  --------
  FLASH                 00000000   00100000  0000741b  000f8be5  R  X
  SRAM                  20000000   00040000  0000162a  0003e9d6  RW X


SEGMENT ALLOCATION MAP

run origin  load origin   length   init length attrs members
----------  ----------- ---------- ----------- ----- -------
00000000    00000000    00007428   00007428    r-x
  00000000    00000000    0000003c   0000003c    r-- .resetVecs
  00000040    00000040    00004f3a   00004f3a    r-x .text
  00004f7c    00004f7c    000022bd   000022bd    r-- .const
  00007240    00007240    000001e8   000001e8    r-- .cinit
20000000    20000000    00001630   00000000    rw-
  20000000    20000000    00000360   00000000    rw- .vecs
  20000360    20000360    00000bf4   00000000    rw- .bss
  20000f54    20000f54    000003d6   00000000    rw- .data
  20001330    20001330    00000300   00000000    rw- .stack


SECTION ALLOCATION MAP

 output                                  attributes/
section   page    origin      length       input sections
--------  ----  ----------  ----------   ----------------
.text      0    00000040    00004f3a     
                  00000040    00000430     sysbios.aem4f : BIOS.obj (.text:ti_sysbios_family_arm_m3_Hwi_excDumpRegs__I)
                  00000470    0000034c     ti.targets.arm.rtsarm.aem4f : System.oem4f (.text:xdc_runtime_System_doPrint__I)
                  000007bc    00000204     driverlib.lib : sysctl.obj (.text:SysCtlClockFreqSet)
                  000009c0    00000204     Boot.aem4f : Boot_sysctl.oem4f (.text:ti_catalog_arm_cortexm4_tiva_ce_Boot_sysCtlClockFreqSetI__I)
                  00000bc4    00000004     rtsv7M4_T_le_v4SPD16_eabi.lib : exit.c.obj (.text:abort:abort)
                  00000bc8    000001fc     sysbios.aem4f : BIOS.obj (.text:ti_sysbios_family_arm_m3_Hwi_excHandlerMax__I)
                  00000dc4    00000004     empty_min_pem4f.oem4f (.text:ti_sysbios_BIOS_RtsGateProxy_enter__E)
                  00000dc8    00000174     sysbios.aem4f : BIOS.obj (.text:ti_sysbios_family_arm_m3_Hwi_excBusFault__I)
                  00000f3c    00000004     empty_min_pem4f.oem4f (.text:ti_sysbios_BIOS_RtsGateProxy_leave__E)
                  00000f40    00000164     sysbios.aem4f : BIOS.obj (.text:ti_sysbios_family_arm_m3_Hwi_excUsageFault__I)
                  000010a4    00000004                   : BIOS.obj (.text:ti_sysbios_family_arm_lm4_Timer_masterEnable__I)
                  000010a8    00000154                   : BIOS.obj (.text:ti_sysbios_knl_Semaphore_pend__E)
                  000011fc    00000150     drivers_tivaware.aem4f : GPIOTiva.oem4f (.text:GPIO_setConfig)
                  0000134c    00000004     empty_min_pem4f.oem4f (.text:ti_sysbios_family_arm_m3_TaskSupport_Module__startupDone__S)
                  00001350    00000148     sysbios.aem4f : BIOS.obj (.text:ti_sysbios_family_arm_m3_Hwi_excMemFault__I)
                  00001498    00000130     driverlib.lib : gpio.obj (.text:GPIOPadConfigSet)
                  000015c8    00000118     ti.targets.arm.rtsarm.aem4f : Error.oem4f (.text:xdc_runtime_Error_policyDefault__E)
                  000016e0    00000108     sysbios.aem4f : BIOS.obj (.text:ti_sysbios_family_arm_lm4_Timer_start__E)
                  000017e8    00000100     ti.targets.arm.rtsarm.aem4f : Core-mem.oem4f (.text:xdc_runtime_Core_createObject__I)
                  000018e8    000000fc     empty_min.obj (.text:main)
                  000019e4    000000f8     ti.targets.arm.rtsarm.aem4f : Startup.oem4f (.text:xdc_runtime_Startup_startMods__I)
                  00001adc    000000f8     empty_min_pem4f.oem4f (.text:xdc_runtime_System_printfExtend__I)
                  00001bd4    000000f4     sysbios.aem4f : m3_Hwi_asm.obj (.text:ti_sysbios_family_arm_m3_Hwi_dispatch__I)
                  00001cc8    000000dc                   : BIOS.obj (.text:ti_sysbios_knl_Task_sleep__E)
                  00001da4    00000004     empty_min_pem4f.oem4f (.text:ti_sysbios_hal_Hwi_HwiProxy_delete)
                  00001da8    000000d4     sysbios.aem4f : BIOS.obj (.text:ti_sysbios_heaps_HeapMem_alloc__E)
                  00001e7c    00000004     empty_min_pem4f.oem4f (.text:ti_sysbios_heaps_HeapMem_Module_GateProxy_enter__E)
                  00001e80    000000cc     sysbios.aem4f : BIOS.obj (.text:ti_sysbios_knl_Task_Instance_init__E)
                  00001f4c    000000cc     ti.targets.arm.rtsarm.aem4f : Core-smem.oem4f (.text:xdc_runtime_Core_constructObject__I)
                  00002018    000000bc     sysbios.aem4f : BIOS.obj (.text:ti_sysbios_family_arm_m3_Hwi_excDebugMon__I)
                  000020d4    00000004     empty_min_pem4f.oem4f (.text:ti_sysbios_heaps_HeapMem_Module_GateProxy_leave__E)
                  000020d8    000000bc     sysbios.aem4f : BIOS.obj (.text:ti_sysbios_family_arm_m3_Hwi_excHardFault__I)
                  00002194    00000004     empty_min_pem4f.oem4f (.text:ti_sysbios_knl_Clock_TimerProxy_getMaxTicks__E)
                  00002198    000000bc     sysbios.aem4f : BIOS.obj (.text:ti_sysbios_knl_Task_Instance_finalize__E)
                  00002254    000000b8     EK_TM4C1294XL.obj (.text:EK_TM4C1294XL_initGeneral)
                  0000230c    00000004     empty_min_pem4f.oem4f (.text:ti_sysbios_knl_Queue_destruct)
                  00002310    000000ac     sysbios.aem4f : BIOS.obj (.text:ti_sysbios_family_arm_lm4_Timer_enableTiva__I)
                  000023bc    000000a0     auto_init.aem4f : auto_init.oem4f (.text)
                  0000245c    000000a0     ti.targets.arm.rtsarm.aem4f : Text.oem4f (.text:xdc_runtime_Text_putMod__E)
                  000024fc    0000009c     rtsv7M4_T_le_v4SPD16_eabi.lib : memcpy_t2.asm.obj (.text)
                  00002598    0000009a     ti.targets.arm.rtsarm.aem4f : Text.oem4f (.text:xdc_runtime_Text_putSite__E)
                  00002632    00000002     rtsv7M4_T_le_v4SPD16_eabi.lib : _lock.c.obj (.text:_nop)
                  00002634    00000098     Boot.aem4f : Boot.oem4f (.text:ti_catalog_arm_cortexm4_tiva_ce_Boot_sysCtlClockFreqSet__E)
                  000026cc    00000004     empty_min_pem4f.oem4f (.text:ti_sysbios_knl_Semaphore_destruct)
                  000026d0    00000094     sysbios.aem4f : BIOS.obj (.text:ti_sysbios_family_arm_m3_Hwi_Instance_init__E)
                  00002764    00000004     ti.targets.arm.rtsarm.aem4f : Error.oem4f (.text:xdc_runtime_Error_getSite__E)
                  00002768    00000094     sysbios.aem4f : BIOS.obj (.text:ti_sysbios_family_arm_m3_Hwi_initNVIC__E)
                  000027fc    00000004     empty_min_pem4f.oem4f (.text:xdc_runtime_System_Module_GateProxy_enter__E)
                  00002800    00000094     sysbios.aem4f : BIOS.obj (.text:ti_sysbios_knl_Task_postInit__I)
                  00002894    0000008c     drivers_tivaware.aem4f : GPIOTiva.oem4f (.text:GPIO_init)
                  00002920    0000008c     sysbios.aem4f : m3_TaskSupport_asm.obj (.text:ti_sysbios_family_arm_m3_TaskSupport_buildTaskStack)
                  000029ac    00000004     empty_min_pem4f.oem4f (.text:xdc_runtime_System_Module_GateProxy_leave__E)
                  000029b0    00000084     sysbios.aem4f : BIOS.obj (.text:ti_sysbios_family_arm_m3_Hwi_postInit__I)
                  00002a34    00000004     ti.targets.arm.rtsarm.aem4f : System.oem4f (.text:xdc_runtime_System_aprintf_va__F)
                  00002a38    0000007c     sysbios.aem4f : BIOS.obj (.text:ti_sysbios_heaps_HeapMem_free__E)
                  00002ab4    0000007a     rtsv7M4_T_le_v4SPD16_eabi.lib : memset_t2.asm.obj (.text)
                  00002b2e    00000002                                   : div0.asm.obj (.text)
                  00002b30    00000070     sysbios.aem4f : BIOS.obj (.text:ti_sysbios_knl_Clock_workFunc__E)
                  00002ba0    00000070                   : BIOS.obj (.text:ti_sysbios_knl_Task_exit__E)
                  00002c10    0000006d     ti.targets.arm.rtsarm.aem4f : System.oem4f (.text:xdc_runtime_System_formatNum__I)
                  00002c7d    00000001     --HOLE-- [fill = 0]
                  00002c7e    00000002     empty_min_pem4f.oem4f (.text:ti_sysbios_BIOS_nullFunc__I)
                  00002c80    0000006c     empty_min_pem4f.oem4f (.text:ti_sysbios_family_arm_m3_Hwi_Object__create__S)
                  00002cec    00000004     ti.targets.arm.rtsarm.aem4f : System.oem4f (.text:xdc_runtime_System_printf_va__F)
                  00002cf0    0000006c     sysbios.aem4f : BIOS.obj (.text:ti_sysbios_knl_Swi_restoreHwi__E)
                  00002d5c    0000006c     ti.targets.arm.rtsarm.aem4f : Error.oem4f (.text:xdc_runtime_Error_print__E)
                  00002dc8    0000006c                                 : Memory.oem4f (.text:xdc_runtime_Memory_alloc__E)
                  00002e34    00000068     driverlib.lib : interrupt.obj (.text:IntEnable)
                  00002e9c    00000068     rtsv7M4_T_le_v4SPD16_eabi.lib : copy_decompress_lzss.c.obj (.text:decompress:lzss:__TI_decompress_lzss)
                  00002f04    00000066     ti.targets.arm.rtsarm.aem4f : Core-mem.oem4f (.text:xdc_runtime_Core_deleteObject__I)
                  00002f6a    00000002     empty_min_pem4f.oem4f (.text:xdc_runtime_Startup_reset__I)
                  00002f6c    00000064     drivers_tivaware.aem4f : GPIOTiva.oem4f (.text:GPIO_hwiIntFxn)
                  00002fd0    00000064     sysbios.aem4f : BIOS.obj (.text:ti_sysbios_family_arm_lm4_Timer_Module_startup__E)
                  00003034    00000064     empty_min_pem4f.oem4f (.text:ti_sysbios_family_arm_m3_Hwi_create)
                  00003098    00000064     sysbios.aem4f : BIOS.obj (.text:ti_sysbios_family_arm_m3_Hwi_dispatchC__I)
                  000030fc    00000064     empty_min_pem4f.oem4f (.text:ti_sysbios_hal_Hwi_create)
                  00003160    00000064     sysbios.aem4f : BIOS.obj (.text:ti_sysbios_knl_Semaphore_post__E)
                  000031c4    00000004     --HOLE-- [fill = 0]
                  000031c8    0000005c                   : BIOS.obj (.text:ti_sysbios_knl_Swi_run__I)
                  00003224    00000004     --HOLE-- [fill = 0]
                  00003228    0000005c                   : BIOS.obj (.text:ti_sysbios_knl_Swi_schedule__I)
                  00003284    00000004     --HOLE-- [fill = 0]
                  00003288    0000005c                   : BIOS.obj (.text:ti_sysbios_knl_Task_Module_startup__E)
                  000032e4    00000004     --HOLE-- [fill = 0]
                  000032e8    0000005c                   : BIOS.obj (.text:ti_sysbios_knl_Task_startCore__E)
                  00003344    0000005b     ti.targets.arm.rtsarm.aem4f : Text.oem4f (.text:xdc_runtime_Text_putLab__E)
                  0000339f    00000001     --HOLE-- [fill = 0]
                  000033a0    00000058     rtsv7M4_T_le_v4SPD16_eabi.lib : hostwrite.c.obj (.text:HOSTwrite)
                  000033f8    00000058     boot.aem4f : boot.oem4f (.text)
                  00003450    00000058     sysbios.aem4f : m3_Hwi_asm_switch.obj (.text:ti_sysbios_family_arm_m3_Hwi_initStacks__E)
                  000034a8    00000056     driverlib.lib : gpio.obj (.text:GPIOIntTypeSet)
                  000034fe    00000002     --HOLE-- [fill = 0]
                  00003500    00000054     sysbios.aem4f : BIOS.obj (.text:ti_sysbios_family_arm_lm4_Timer_initDevice__I)
                  00003554    00000054     empty_min_pem4f.oem4f (.text:ti_sysbios_knl_Task_construct)
                  000035a8    00000054     ti.targets.arm.rtsarm.aem4f : Assert.oem4f (.text:xdc_runtime_Assert_raise__I)
                  000035fc    00000050     drivers_tivaware.aem4f : GPIOTiva.oem4f (.text:GPIO_setCallback)
                  0000364c    00000050                            : GPIOTiva.oem4f (.text:GPIO_toggle)
                  0000369c    00000050                            : GPIOTiva.oem4f (.text:GPIO_write)
                  000036ec    00000050     Boot.aem4f : Boot_sysctl.oem4f (.text:_SysCtlFrequencyGet)
                  0000373c    00000004     --HOLE-- [fill = 0]
                  00003740    00000050     sysbios.aem4f : BIOS.obj (.text:ti_sysbios_family_arm_m3_Hwi_Module_startup__E)
                  00003790    00000050     ti.targets.arm.rtsarm.aem4f : Startup.oem4f (.text:xdc_runtime_Startup_exec__E)
                  000037e0    00000050                                 : Text.oem4f (.text:xdc_runtime_Text_visitRope2__I)
                  00003830    0000004c     rtsv7M4_T_le_v4SPD16_eabi.lib : cpy_tbl.c.obj (.text:copy_in)
                  0000387c    00000004     --HOLE-- [fill = 0]
                  00003880    0000004c     sysbios.aem4f : BIOS.obj (.text:ti_sysbios_heaps_HeapMem_getStats__E)
                  000038cc    00000004     --HOLE-- [fill = 0]
                  000038d0    0000004c                   : BIOS.obj (.text:ti_sysbios_knl_Swi_runLoop__I)
                  0000391c    00000004     --HOLE-- [fill = 0]
                  00003920    0000004c                   : BIOS.obj (.text:ti_sysbios_knl_Task_allBlockedFunction__I)
                  0000396c    00000004     --HOLE-- [fill = 0]
                  00003970    0000004c                   : BIOS.obj (.text:ti_sysbios_knl_Task_schedule__I)
                  000039bc    00000048     driverlib.lib : gpio.obj (.text:GPIOPinConfigure)
                  00003a04    00000048                   : sysctl.obj (.text:_SysCtlFrequencyGet)
                  00003a4c    00000004     --HOLE-- [fill = 0]
                  00003a50    00000048     sysbios.aem4f : BIOS.obj (.text:ti_sysbios_family_arm_lm4_Timer_enableTimers__I)
                  00003a98    00000048                   : BIOS.obj (.text:ti_sysbios_family_arm_m3_Hwi_disableInterrupt__E)
                  00003ae0    00000048                   : BIOS.obj (.text:ti_sysbios_family_arm_m3_Hwi_enableInterrupt__E)
                  00003b28    00000048                   : BIOS.obj (.text:ti_sysbios_family_arm_m3_Hwi_excReserved__I)
                  00003b70    00000046     ti.targets.arm.rtsarm.aem4f : Core-params.oem4f (.text:xdc_runtime_Core_assignParams__I)
                  00003bb6    00000002     --HOLE-- [fill = 0]
                  00003bb8    00000044     sysbios.aem4f : BIOS.obj (.text:ti_sysbios_family_arm_lm4_Timer_isrStub__E)
                  00003bfc    00000004     --HOLE-- [fill = 0]
                  00003c00    00000044                   : BIOS.obj (.text:ti_sysbios_family_arm_m3_Hwi_getStackInfo__E)
                  00003c44    00000004     --HOLE-- [fill = 0]
                  00003c48    00000044                   : BIOS.obj (.text:ti_sysbios_knl_Swi_post__E)
                  00003c8c    00000044     ti.targets.arm.rtsarm.aem4f : Error.oem4f (.text:xdc_runtime_Error_setX__E)
                  00003cd0    00000044                                 : SysMin.oem4f (.text:xdc_runtime_SysMin_flush__E)
                  00003d14    00000044                                 : Text.oem4f (.text:xdc_runtime_Text_xprintf__I)
                  00003d58    00000042     driverlib.lib : uart.obj (.text:UARTConfigSetExpClk)
                  00003d9a    00000040     rtsv7M4_T_le_v4SPD16_eabi.lib : u_divt2.asm.obj (.text)
                  00003dda    00000006     driverlib.lib : gpio.obj (.text:GPIOIntClear)
                  00003de0    00000040     sysbios.aem4f : BIOS.obj (.text:ti_sysbios_family_arm_lm4_Timer_startup__E)
                  00003e20    00000040                   : BIOS.obj (.text:ti_sysbios_heaps_HeapMem_Instance_init__E)
                  00003e60    0000003c                   : BIOS.obj (.text:ti_sysbios_family_arm_m3_Hwi_excSvCall__I)
                  00003e9c    00000004     --HOLE-- [fill = 0]
                  00003ea0    0000003c                   : BIOS.obj (.text:ti_sysbios_heaps_HeapMem_init__I)
                  00003edc    00000004     --HOLE-- [fill = 0]
                  00003ee0    0000003c                   : BIOS.obj (.text:ti_sysbios_knl_Swi_restore__E)
                  00003f1c    00000038     rtsv7M4_T_le_v4SPD16_eabi.lib : trgmsg.c.obj (.text:__TI_writemsg)
                  00003f54    00000004     --HOLE-- [fill = 0]
                  00003f58    00000038     sysbios.aem4f : BIOS.obj (.text:ti_sysbios_family_arm_m3_Hwi_excNoIsr__I)
                  00003f90    00000038                   : BIOS.obj (.text:ti_sysbios_knl_Task_processVitalTaskFlag__I)
                  00003fc8    00000038     ti.targets.arm.rtsarm.aem4f : SysMin.oem4f (.text:xdc_runtime_SysMin_putch__E)
                  00004000    00000038                                 : System.oem4f (.text:xdc_runtime_System_atexit__E)
                  00004038    00000034     driverlib.lib : sysctl.obj (.text:SysCtlPeripheralEnable)
                  0000406c    00000034     rtsv7M4_T_le_v4SPD16_eabi.lib : trgmsg.c.obj (.text:__TI_readmsg)
                  000040a0    00000034     sysbios.aem4f : BIOS.obj (.text:ti_sysbios_family_arm_m3_Hwi_Instance_finalize__E)
                  000040d4    00000004     --HOLE-- [fill = 0]
                  000040d8    00000034                   : BIOS.obj (.text:ti_sysbios_family_arm_m3_Hwi_excNmi__I)
                  0000410c    00000034     ti.targets.arm.rtsarm.aem4f : Core-label.oem4f (.text:xdc_runtime_Core_assignLabel__I)
                  00004140    00000033                                 : Text.oem4f (.text:xdc_runtime_Text_printVisFxn__I)
                  00004173    00000005     --HOLE-- [fill = 0]
                  00004178    00000032     sysbios.aem4f : BIOS.obj (.text:ti_sysbios_hal_Hwi_initStack)
                  000041aa    00000002     --HOLE-- [fill = 0]
                  000041ac    00000030     empty_min_pem4f.oem4f (.text:ti_sysbios_BIOS_atExitFunc__I)
                  000041dc    00000004     --HOLE-- [fill = 0]
                  000041e0    00000030     sysbios.aem4f : BIOS.obj (.text:ti_sysbios_family_arm_lm4_Timer_stop__E)
                  00004210    00000030                   : BIOS.obj (.text:ti_sysbios_family_arm_m3_TaskSupport_start__E)
                  00004240    00000030     empty_min_pem4f.oem4f (.text:ti_sysbios_gates_GateHwi_Object__create__S)
                  00004270    00000030     empty_min_pem4f.oem4f (.text:ti_sysbios_gates_GateMutex_Object__create__S)
                  000042a0    00000030     sysbios.aem4f : BIOS.obj (.text:ti_sysbios_gates_GateMutex_enter__E)
                  000042d0    00000030     empty_min_pem4f.oem4f (.text:ti_sysbios_heaps_HeapMem_Object__create__S)
                  00004300    00000030     empty_min_pem4f.oem4f (.text:ti_sysbios_knl_Semaphore_construct)
                  00004330    00000030     sysbios.aem4f : BIOS.obj (.text:ti_sysbios_knl_Semaphore_pendTimeout__I)
                  00004360    00000030                   : BIOS.obj (.text:ti_sysbios_knl_Task_unblockI__E)
                  00004390    00000030     ti.targets.arm.rtsarm.aem4f : SysMin.oem4f (.text:xdc_runtime_SysMin_abort__E)
                  000043c0    00000030                                 : System.oem4f (.text:xdc_runtime_System_processAtExit__E)
                  000043f0    0000002c     empty_min_pem4f.oem4f (.text:ti_sysbios_knl_Clock_doTick__I)
                  0000441c    0000002c     empty_min_pem4f.oem4f (.text:ti_sysbios_knl_Queue_construct)
                  00004448    0000002c     sysbios.aem4f : BIOS.obj (.text:ti_sysbios_knl_Task_restore__E)
                  00004474    0000002c     ti.targets.arm.rtsarm.aem4f : Text.oem4f (.text:xdc_runtime_Text_cordText__E)
                  000044a0    0000002a     driverlib.lib : gpio.obj (.text:GPIODirModeSet)
                  000044ca    0000002a     ti.targets.arm.rtsarm.aem4f : System.oem4f (.text:xdc_runtime_System_putchar__I)
                  000044f4    00000004     --HOLE-- [fill = 0]
                  000044f8    00000028     sysbios.aem4f : BIOS.obj (.text:ti_sysbios_hal_Hwi_Instance_init__E)
                  00004520    00000028                   : BIOS.obj (.text:ti_sysbios_knl_Swi_Module_startup__E)
                  00004548    00000026                   : m3_Hwi_asm.obj (.text:ti_sysbios_family_arm_m3_Hwi_pendSV__I)
                  0000456e    00000026     ti.targets.arm.rtsarm.aem4f : System.oem4f (.text:xdc_runtime_System_avprintf__E)
                  00004594    00000024     empty_min_pem4f.oem4f (.text:ti_sysbios_BIOS_errorRaiseHook__I)
                  000045b8    00000024     empty_min_pem4f.oem4f (.text:ti_sysbios_BIOS_registerRTSLock__I)
                  000045dc    00000024     empty_min_pem4f.oem4f (.text:ti_sysbios_BIOS_removeRTSLock__I)
                  00004600    00000024     empty_min_pem4f.oem4f (.text:ti_sysbios_BIOS_startFunc__I)
                  00004624    00000024     empty_min_pem4f.oem4f (.text:ti_sysbios_gates_GateMutex_Object__delete__S)
                  00004648    00000024     sysbios.aem4f : BIOS.obj (.text:ti_sysbios_knl_Clock_Module_startup__E)
                  0000466c    00000004     --HOLE-- [fill = 0]
                  00004670    00000024                   : BIOS.obj (.text:ti_sysbios_knl_Semaphore_Instance_init__E)
                  00004694    00000004     --HOLE-- [fill = 0]
                  00004698    00000024                   : BIOS.obj (.text:ti_sysbios_knl_Task_restoreHwi__E)
                  000046bc    00000024     ti.targets.arm.rtsarm.aem4f : System.oem4f (.text:xdc_runtime_System_vprintf__E)
                  000046e0    00000022     sysbios.aem4f : BIOS.obj (.text:ti_sysbios_family_arm_lm4_Timer_write__I)
                  00004702    00000022     empty_min_pem4f.oem4f (.text:xdc_runtime_SysMin_output__I)
                  00004724    00000020     Boot.aem4f : Boot_sysctl.oem4f (.text:_SysCtlMemTimingGet)
                  00004744    00000020     empty_min_pem4f.oem4f (.text:ti_sysbios_BIOS_rtsLock__I)
                  00004764    00000020     empty_min_pem4f.oem4f (.text:ti_sysbios_family_arm_m3_Hwi_Object__delete__S)
                  00004784    00000020     sysbios.aem4f : m3_Hwi_asm.obj (.text:ti_sysbios_family_arm_m3_Hwi_excHandlerAsm__I)
                  000047a4    00000004     --HOLE-- [fill = 0]
                  000047a8    00000020                   : BIOS.obj (.text:ti_sysbios_family_arm_m3_Hwi_excHandler__I)
                  000047c8    00000020     empty_min_pem4f.oem4f (.text:ti_sysbios_gates_GateHwi_Object__delete__S)
                  000047e8    00000020     empty_min_pem4f.oem4f (.text:ti_sysbios_heaps_HeapMem_Object__delete__S)
                  00004808    00000020     sysbios.aem4f : BIOS.obj (.text:ti_sysbios_knl_Idle_run__E)
                  00004828    00000020     empty_min_pem4f.oem4f (.text:ti_sysbios_knl_Semaphore_Object__destruct__S)
                  00004848    00000020     ti.targets.arm.rtsarm.aem4f : Registry.oem4f (.text:xdc_runtime_Registry_findById__E)
                  00004868    00000020                                 : SysMin.oem4f (.text:xdc_runtime_SysMin_Module_startup__E)
                  00004888    0000001e     sysbios.aem4f : m3_Hwi_asm_switch.obj (.text:ti_sysbios_family_xxx_Hwi_switchAndRunFunc)
                  000048a6    00000002     --HOLE-- [fill = 0]
                  000048a8    0000001c     driverlib.lib : uart.obj (.text:UARTDisable)
                  000048c4    0000001c                   : sysctl.obj (.text:_SysCtlMemTimingGet)
                  000048e0    0000001c     drivers_tivaware.aem4f : GPIOTiva.oem4f (.text:getGpioIntIndex)
                  000048fc    00000004     --HOLE-- [fill = 0]
                  00004900    0000001c     sysbios.aem4f : BIOS.obj (.text:ti_sysbios_gates_GateMutex_Instance_init__E)
                  0000491c    0000001c     empty_min_pem4f.oem4f (.text:ti_sysbios_hal_Hwi_HwiProxy_create)
                  00004938    0000001c     empty_min_pem4f.oem4f (.text:ti_sysbios_knl_Queue_Object__destruct__S)
                  00004954    00000004     --HOLE-- [fill = 0]
                  00004958    0000001c     sysbios.aem4f : BIOS.obj (.text:ti_sysbios_knl_Queue_put__E)
                  00004974    00000004     --HOLE-- [fill = 0]
                  00004978    0000001c                   : BIOS.obj (.text:ti_sysbios_knl_Task_enter__I)
                  00004994    0000001c     ti.targets.arm.rtsarm.aem4f : Error.oem4f (.text:xdc_runtime_Error_raiseX__E)
                  000049b0    0000001c                                 : Memory.oem4f (.text:xdc_runtime_Memory_valloc__E)
                  000049cc    0000001c                                 : SysMin.oem4f (.text:xdc_runtime_SysMin_exit__E)
                  000049e8    0000001c                                 : System.oem4f (.text:xdc_runtime_System_abort__E)
                  00004a04    0000001a     empty_min_pem4f.oem4f (.text:ti_sysbios_family_arm_m3_Hwi_Handle__label__S)
                  00004a1e    0000001a     empty_min_pem4f.oem4f (.text:ti_sysbios_gates_GateHwi_Handle__label__S)
                  00004a38    0000001a     empty_min_pem4f.oem4f (.text:ti_sysbios_gates_GateMutex_Handle__label__S)
                  00004a52    0000001a     empty_min_pem4f.oem4f (.text:ti_sysbios_heaps_HeapMem_Handle__label__S)
                  00004a6c    0000001a     empty_min_pem4f.oem4f (.text:ti_sysbios_knl_Swi_Handle__label__S)
                  00004a86    0000001a     empty_min_pem4f.oem4f (.text:ti_sysbios_knl_Task_Handle__label__S)
                  00004aa0    0000001a     empty_min_pem4f.oem4f (.text:xdc_runtime_System_aprintf__E)
                  00004aba    0000001a     empty_min_pem4f.oem4f (.text:xdc_runtime_System_printf__E)
                  00004ad4    00000018     rtsv7M4_T_le_v4SPD16_eabi.lib : args_main.c.obj (.text:_args_main)
                  00004aec    00000018     empty_min_pem4f.oem4f (.text:ti_sysbios_BIOS_rtsUnlock__I)
                  00004b04    00000018     empty_min_pem4f.oem4f (.text:ti_sysbios_family_arm_lm4_Timer_Module__startupDone__F)
                  00004b1c    00000018     empty_min_pem4f.oem4f (.text:ti_sysbios_family_arm_m3_Hwi_Module__startupDone__F)
                  00004b34    00000018     sysbios.aem4f : m3_TaskSupport_asm.obj (.text:ti_sysbios_family_arm_m3_TaskSupport_swap__E)
                  00004b4c    00000004     --HOLE-- [fill = 0]
                  00004b50    00000018                   : BIOS.obj (.text:ti_sysbios_gates_GateMutex_leave__E)
                  00004b68    00000018                   : BIOS.obj (.text:ti_sysbios_knl_Task_sleepTimeout__I)
                  00004b80    00000018     ti.targets.arm.rtsarm.aem4f : Error.oem4f (.text:xdc_runtime_Error_check__E)
                  00004b98    00000018                                 : System.oem4f (.text:xdc_runtime_System_exit__E)
                  00004bb0    00000018                                 : Text.oem4f (.text:xdc_runtime_Text_ropeText__E)
                  00004bc8    00000016     empty_min_pem4f.oem4f (.text:ti_sysbios_BIOS_exitFunc__I)
                  00004bde    00000016     empty_min.obj (.text:ti_sysbios_hal_Hwi_Params_init)
                  00004bf4    00000016     empty_min.obj (.text:ti_sysbios_knl_Task_Params_init)
                  00004c0a    00000002     --HOLE-- [fill = 0]
                  00004c0c    00000015     empty_min.obj (.text:myHwiFunc)
                  00004c21    00000001     --HOLE-- [fill = 0]
                  00004c22    00000014     driverlib.lib : uart.obj (.text:UARTEnable)
                  00004c36    00000014     empty_min.obj (.text:heartBeatFxn)
                  00004c4a    00000014     rtsv7M4_T_le_v4SPD16_eabi.lib : strlen.c.obj (.text:strlen)
                  00004c5e    00000002     --HOLE-- [fill = 0]
                  00004c60    00000014     empty_min_pem4f.oem4f (.text:ti_sysbios_family_arm_m3_Hwi_Object__get__S)
                  00004c74    00000004     --HOLE-- [fill = 0]
                  00004c78    00000014     sysbios.aem4f : BIOS.obj (.text:ti_sysbios_family_arm_m3_Hwi_switchFromBootStack__E)
                  00004c8c    00000014     empty_min_pem4f.oem4f (.text:ti_sysbios_heaps_HeapMem_Object__get__S)
                  00004ca0    00000014     empty_min_pem4f.oem4f (.text:ti_sysbios_knl_Swi_Object__get__S)
                  00004cb4    00000012     driverlib.lib : gpio.obj (.text:GPIOPinTypeUART)
                  00004cc6    00000002     --HOLE-- [fill = 0]
                  00004cc8    00000012     sysbios.aem4f : BIOS.obj (.text:ti_sysbios_hal_Hwi_Module_startup__E)
                  00004cda    00000012     empty_min_pem4f.oem4f (.text:xdc_runtime_Startup_exec__I)
                  00004cec    00000010     empty_min_pem4f.oem4f (.text:.bootCodeSection:ti_catalog_arm_cortexm4_tiva_ce_Boot_init__I)
                  00004cfc    00000004     --HOLE-- [fill = 0]
                  00004d00    00000010     sysbios.aem4f : BIOS.obj (.text:ti_sysbios_BIOS_setThreadType__E)
                  00004d10    00000010                   : BIOS.obj (.text:ti_sysbios_BIOS_start__E)
                  00004d20    00000010                   : m3_TaskSupport_asm.obj (.text:ti_sysbios_family_arm_m3_TaskSupport_glue)
                  00004d30    00000010                   : BIOS.obj (.text:ti_sysbios_gates_GateMutex_Instance_finalize__E)
                  00004d40    00000010     empty_min_pem4f.oem4f (.text:ti_sysbios_hal_Hwi_HwiProxy_Object__create__S)
                  00004d50    00000010     sysbios.aem4f : BIOS.obj (.text:ti_sysbios_knl_Semaphore_Instance_finalize__E)
                  00004d60    00000010                   : BIOS.obj (.text:ti_sysbios_knl_Swi_disable__E)
                  00004d70    00000010                   : BIOS.obj (.text:ti_sysbios_knl_Task_disable__E)
                  00004d80    00000010     ti.targets.arm.rtsarm.aem4f : Gate.oem4f (.text:xdc_runtime_Gate_leaveSystem__E)
                  00004d90    00000010                                 : Memory.oem4f (.text:xdc_runtime_Memory_free__E)
                  00004da0    00000010                                 : SysMin.oem4f (.text:xdc_runtime_SysMin_ready__E)
                  00004db0    00000010                                 : System.oem4f (.text:xdc_runtime_System_vsnprintf__E)
                  00004dc0    00000010     empty_min_pem4f.oem4f (.text:xdc_runtime_Text_visitRope__I)
                  00004dd0    0000000e     driverlib.lib : gpio.obj (.text:GPIOIntStatus)
                  00004dde    0000000e     rtsv7M4_T_le_v4SPD16_eabi.lib : copy_decompress_none.c.obj (.text:decompress:none:__TI_decompress_none)
                  00004dec    00000004     --HOLE-- [fill = 0]
                  00004df0    0000000e     sysbios.aem4f : BIOS.obj (.text:ti_sysbios_knl_Queue_empty__E)
                  00004dfe    0000000e     empty_min_pem4f.oem4f (.text:ti_sysbios_knl_Task_Object__get__S)
                  00004e0c    0000000c     rtsv7M4_T_le_v4SPD16_eabi.lib : _lock.c.obj (.text:_register_lock)
                  00004e18    0000000c                                   : _lock.c.obj (.text:_register_unlock)
                  00004e24    0000000c                                   : copy_zero_init.c.obj (.text:decompress:ZI:__TI_zero_init)
                  00004e30    0000000c     sysbios.aem4f : BIOS.obj (.text:ti_sysbios_family_arm_lm4_Timer_getMaxTicks__E)
                  00004e3c    0000000c     empty_min_pem4f.oem4f (.text:ti_sysbios_family_arm_m3_Hwi_Params__init__S)
                  00004e48    0000000c     sysbios.aem4f : BIOS.obj (.text:ti_sysbios_family_arm_m3_Hwi_disableFxn__E)
                  00004e54    00000004     --HOLE-- [fill = 0]
                  00004e58    0000000c                   : BIOS.obj (.text:ti_sysbios_family_arm_m3_TaskSupport_getStackAlignment__E)
                  00004e64    00000004     --HOLE-- [fill = 0]
                  00004e68    0000000c                   : BIOS.obj (.text:ti_sysbios_gates_GateHwi_enter__E)
                  00004e74    0000000c     empty_min_pem4f.oem4f (.text:ti_sysbios_hal_Hwi_Params__init__S)
                  00004e80    0000000c     empty_min_pem4f.oem4f (.text:ti_sysbios_knl_Queue_Object__get__S)
                  00004e8c    0000000c     empty_min_pem4f.oem4f (.text:ti_sysbios_knl_Task_Params__init__S)
                  00004e98    0000000c     ti.targets.arm.rtsarm.aem4f : Error.oem4f (.text:xdc_runtime_Error_init__E)
                  00004ea4    0000000c                                 : Gate.oem4f (.text:xdc_runtime_Gate_enterSystem__E)
                  00004eb0    0000000c                                 : Memory.oem4f (.text:xdc_runtime_Memory_calloc__E)
                  00004ebc    0000000c                                 : Memory.oem4f (.text:xdc_runtime_Memory_getMaxDefaultTypeAlign__E)
                  00004ec8    0000000a     sysbios.aem4f : BIOS.obj (.text:ti_sysbios_hal_Hwi_Instance_finalize__E)
                  00004ed2    0000000a     empty_min_pem4f.oem4f (.text:xdc_runtime_IHeap_alloc)
                  00004edc    0000000a     empty_min_pem4f.oem4f (.text:xdc_runtime_IHeap_free)
                  00004ee6    00000008     EK_TM4C1294XL.obj (.text:EK_TM4C1294XL_initGPIO)
                  00004eee    00000008     driverlib.lib : uart.obj (.text:UARTIntEnable)
                  00004ef6    00000008     sysbios.aem4f : BIOS.obj (.text:ti_sysbios_family_arm_lm4_Timer_masterDisable__I)
                  00004efe    00000002     --HOLE-- [fill = 0]
                  00004f00    00000008                   : BIOS.obj (.text:ti_sysbios_family_arm_m3_Hwi_doSwiRestore__I)
                  00004f08    00000008                   : BIOS.obj (.text:ti_sysbios_family_arm_m3_Hwi_startup__E)
                  00004f10    00000006     driverlib.lib : gpio.obj (.text:GPIOPinRead)
                  00004f16    00000006                   : gpio.obj (.text:GPIOPinWrite)
                  00004f1c    00000004     --HOLE-- [fill = 0]
                  00004f20    00000006     sysbios.aem4f : BIOS.obj (.text:ti_sysbios_family_arm_m3_Hwi_doTaskRestore__I)
                  00004f26    00000002     --HOLE-- [fill = 0]
                  00004f28    00000006                   : BIOS.obj (.text:ti_sysbios_family_arm_m3_Hwi_restoreFxn__E)
                  00004f2e    00000002     --HOLE-- [fill = 0]
                  00004f30    00000006                   : BIOS.obj (.text:ti_sysbios_gates_GateHwi_leave__E)
                  00004f36    00000002     --HOLE-- [fill = 0]
                  00004f38    00000006                   : BIOS.obj (.text:ti_sysbios_heaps_HeapMem_isBlocking__E)
                  00004f3e    00000002     --HOLE-- [fill = 0]
                  00004f40    00000006                   : BIOS.obj (.text:ti_sysbios_knl_Queue_Instance_init__E)
                  00004f46    00000002     --HOLE-- [fill = 0]
                  00004f48    00000006                   : BIOS.obj (.text:ti_sysbios_knl_Swi_startup__E)
                  00004f4e    00000006     ti.targets.arm.rtsarm.aem4f : System.oem4f (.text:xdc_runtime_System_Module_startup__E)
                  00004f54    00000004     --HOLE-- [fill = 0]
                  00004f58    00000004     sysbios.aem4f : BIOS.obj (.text:ti_sysbios_gates_GateHwi_query__E)
                  00004f5c    00000004     --HOLE-- [fill = 0]
                  00004f60    00000004                   : BIOS.obj (.text:ti_sysbios_gates_GateMutex_query__E)
                  00004f64    00000004     --HOLE-- [fill = 0]
                  00004f68    00000004                   : BIOS.obj (.text:ti_sysbios_knl_Task_startup__E)
                  00004f6c    00000004     --HOLE-- [fill = 0]
                  00004f70    00000002                   : BIOS.obj (.text:ti_sysbios_gates_GateHwi_Instance_init__E)
                  00004f72    00000006     --HOLE-- [fill = 0]
                  00004f78    00000002                   : BIOS.obj (.text:ti_sysbios_knl_Clock_logTick__E)

.const     0    00004f7c    000022bd     
                  00004f7c    00001844     empty_min_pem4f.oem4f (.const:xdc_runtime_Text_charTab__A)
                  000067c0    00000120     Boot.aem4f : Boot_sysctl.oem4f (.const:g_pppui32XTALtoVCO)
                  000068e0    00000120     driverlib.lib : sysctl.obj (.const:g_pppui32XTALtoVCO)
                  00006a00    000000bc     empty_min_pem4f.oem4f (.const:xdc_runtime_Text_nodeTab__A)
                  00006abc    00000090     driverlib.lib : gpio.obj (.const:g_pui32GPIOBaseAddrs)
                  00006b4c    00000070                   : interrupt.obj (.const)
                  00006bbc    0000006c     Boot.aem4f : Boot_sysctl.oem4f (.const:g_pui32Xtals)
                  00006c28    0000006c     driverlib.lib : sysctl.obj (.const:g_pui32Xtals)
                  00006c94    00000054     drivers_tivaware.aem4f : GPIOTiva.oem4f (.const:.string)
                  00006ce8    00000048     empty_min_pem4f.oem4f (.const:.string)
                  00006d30    00000048     drivers_tivaware.aem4f : GPIOTiva.oem4f (.const:gpioBaseAddresses)
                  00006d78    0000003c     empty_min_pem4f.oem4f (.const:ti_sysbios_knl_Task_Object__PARAMS__C)
                  00006db4    00000030     Boot.aem4f : Boot_sysctl.oem4f (.const:g_sXTALtoMEMTIM)
                  00006de4    00000030     driverlib.lib : sysctl.obj (.const:g_sXTALtoMEMTIM)
                  00006e14    00000030     empty_min_pem4f.oem4f (.const:ti_sysbios_family_arm_m3_Hwi_Object__PARAMS__C)
                  00006e44    0000002c     empty_min_pem4f.oem4f (.const:ti_sysbios_hal_Hwi_Object__PARAMS__C)
                  00006e70    00000028     empty_min_pem4f.oem4f (.const:ti_sysbios_heaps_HeapMem_Module__FXNS__C)
                  00006e98    00000024     empty_min_pem4f.oem4f (.const:ti_sysbios_gates_GateHwi_Module__FXNS__C)
                  00006ebc    00000024     empty_min_pem4f.oem4f (.const:ti_sysbios_gates_GateMutex_Module__FXNS__C)
                  00006ee0    00000024     empty_min_pem4f.oem4f (.const:ti_sysbios_heaps_HeapMem_Object__PARAMS__C)
                  00006f04    00000024     empty_min_pem4f.oem4f (.const:ti_sysbios_knl_Semaphore_Object__PARAMS__C)
                  00006f28    00000020     empty_min_pem4f.oem4f (.const:ti_sysbios_family_arm_m3_Hwi_Object__DESC__C)
                  00006f48    00000020     empty_min_pem4f.oem4f (.const:ti_sysbios_gates_GateHwi_Object__DESC__C)
                  00006f68    00000020     empty_min_pem4f.oem4f (.const:ti_sysbios_gates_GateMutex_Object__DESC__C)
                  00006f88    00000020     empty_min_pem4f.oem4f (.const:ti_sysbios_hal_Hwi_Object__DESC__C)
                  00006fa8    00000020     empty_min_pem4f.oem4f (.const:ti_sysbios_heaps_HeapMem_Object__DESC__C)
                  00006fc8    00000020     empty_min_pem4f.oem4f (.const:ti_sysbios_knl_Queue_Object__DESC__C)
                  00006fe8    00000020     empty_min_pem4f.oem4f (.const:ti_sysbios_knl_Semaphore_Object__DESC__C)
                  00007008    00000020     empty_min_pem4f.oem4f (.const:ti_sysbios_knl_Task_Object__DESC__C)
                  00007028    00000020     empty_min_pem4f.oem4f (.const:xdc_runtime_Startup_sfxnTab__A)
                  00007048    00000018     empty_min_pem4f.oem4f (.const:ti_sysbios_gates_GateHwi_Object__PARAMS__C)
                  00007060    00000018     empty_min_pem4f.oem4f (.const:ti_sysbios_gates_GateMutex_Object__PARAMS__C)
                  00007078    00000018     empty_min_pem4f.oem4f (.const:ti_sysbios_knl_Queue_Object__PARAMS__C)
                  00007090    00000014     EK_TM4C1294XL.obj (.const:GPIOTiva_config)
                  000070a4    00000014     empty_min_pem4f.oem4f (.const:xdc_runtime_Startup_firstFxns__A)
                  000070b8    00000010     empty_min_pem4f.oem4f (.const:xdc_runtime_Startup_sfxnRts__A)
                  000070c8    00000008     Boot.aem4f : Boot_sysctl.oem4f (.const)
                  000070d0    00000008     driverlib.lib : sysctl.obj (.const)
                  000070d8    00000008     empty_min_pem4f.oem4f (.const:ti_sysbios_family_arm_m3_Hwi_excHookFuncs__A)
                  000070e0    00000008     empty_min_pem4f.oem4f (.const:ti_sysbios_knl_Idle_funcList__C)
                  000070e8    00000008     empty_min_pem4f.oem4f (.const:xdc_runtime_Startup_firstFxns__C)
                  000070f0    00000008     empty_min_pem4f.oem4f (.const:xdc_runtime_Startup_lastFxns__C)
                  000070f8    00000004     empty_min_pem4f.oem4f (.const:ti_catalog_arm_cortexm4_tiva_ce_Boot_A_mustNotUseEnhancedClockMode__C)
                  000070fc    00000004     empty_min_pem4f.oem4f (.const:ti_catalog_arm_cortexm4_tiva_ce_Boot_Module__diagsEnabled__C)
                  00007100    00000004     empty_min_pem4f.oem4f (.const:ti_catalog_arm_cortexm4_tiva_ce_Boot_Module__diagsIncluded__C)
                  00007104    00000004     empty_min_pem4f.oem4f (.const:ti_catalog_arm_cortexm4_tiva_ce_Boot_Module__diagsMask__C)
                  00007108    00000004     empty_min_pem4f.oem4f (.const:ti_sysbios_family_arm_lm4_Timer_enableFunc__C)
                  0000710c    00000004     empty_min_pem4f.oem4f (.const:ti_sysbios_family_arm_lm4_Timer_numTimerDevices__C)
                  00007110    00000004     empty_min_pem4f.oem4f (.const:ti_sysbios_family_arm_lm4_Timer_startupNeeded__C)
                  00007114    00000004     empty_min_pem4f.oem4f (.const:ti_sysbios_family_arm_m3_Hwi_E_NMI__C)
                  00007118    00000004     empty_min_pem4f.oem4f (.const:ti_sysbios_family_arm_m3_Hwi_E_alreadyDefined__C)
                  0000711c    00000004     empty_min_pem4f.oem4f (.const:ti_sysbios_family_arm_m3_Hwi_E_busFault__C)
                  00007120    00000004     empty_min_pem4f.oem4f (.const:ti_sysbios_family_arm_m3_Hwi_E_debugMon__C)
                  00007124    00000004     empty_min_pem4f.oem4f (.const:ti_sysbios_family_arm_m3_Hwi_E_hardFault__C)
                  00007128    00000004     empty_min_pem4f.oem4f (.const:ti_sysbios_family_arm_m3_Hwi_E_memFault__C)
                  0000712c    00000004     empty_min_pem4f.oem4f (.const:ti_sysbios_family_arm_m3_Hwi_E_noIsr__C)
                  00007130    00000004     empty_min_pem4f.oem4f (.const:ti_sysbios_family_arm_m3_Hwi_E_reserved__C)
                  00007134    00000004     empty_min_pem4f.oem4f (.const:ti_sysbios_family_arm_m3_Hwi_E_svCall__C)
                  00007138    00000004     empty_min_pem4f.oem4f (.const:ti_sysbios_family_arm_m3_Hwi_E_usageFault__C)
                  0000713c    00000004     empty_min_pem4f.oem4f (.const:ti_sysbios_family_arm_m3_Hwi_NUM_INTERRUPTS__C)
                  00007140    00000004     empty_min_pem4f.oem4f (.const:ti_sysbios_family_arm_m3_Hwi_Object__count__C)
                  00007144    00000004     empty_min_pem4f.oem4f (.const:ti_sysbios_family_arm_m3_Hwi_ccr__C)
                  00007148    00000004     empty_min_pem4f.oem4f (.const:ti_sysbios_family_arm_m3_Hwi_excHandlerFunc__C)
                  0000714c    00000004     empty_min_pem4f.oem4f (.const:ti_sysbios_family_arm_m3_Hwi_excHookFuncs__C)
                  00007150    00000004     empty_min_pem4f.oem4f (.const:ti_sysbios_family_arm_m3_Hwi_nullIsrFunc__C)
                  00007154    00000004     empty_min_pem4f.oem4f (.const:ti_sysbios_family_arm_m3_Hwi_priGroup__C)
                  00007158    00000004     empty_min_pem4f.oem4f (.const:ti_sysbios_family_arm_m3_TaskSupport_stackAlignment__C)
                  0000715c    00000004     empty_min_pem4f.oem4f (.const:ti_sysbios_gates_GateMutex_Instance_State_sem__O)
                  00007160    00000004     empty_min_pem4f.oem4f (.const:ti_sysbios_heaps_HeapMem_E_memory__C)
                  00007164    00000004     empty_min_pem4f.oem4f (.const:ti_sysbios_heaps_HeapMem_Module__gateObj__C)
                  00007168    00000004     empty_min_pem4f.oem4f (.const:ti_sysbios_heaps_HeapMem_Object__count__C)
                  0000716c    00000004     empty_min_pem4f.oem4f (.const:ti_sysbios_heaps_HeapMem_reqAlign__C)
                  00007170    00000004     empty_min_pem4f.oem4f (.const:ti_sysbios_knl_Clock_Module_State_clockQ__O)
                  00007174    00000004     empty_min_pem4f.oem4f (.const:ti_sysbios_knl_Semaphore_Instance_State_pendQ__O)
                  00007178    00000004     empty_min_pem4f.oem4f (.const:ti_sysbios_knl_Swi_Object__count__C)
                  0000717c    00000004     empty_min_pem4f.oem4f (.const:ti_sysbios_knl_Task_Module_State_inactiveQ__O)
                  00007180    00000004     empty_min_pem4f.oem4f (.const:ti_sysbios_knl_Task_Object__count__C)
                  00007184    00000004     empty_min_pem4f.oem4f (.const:ti_sysbios_knl_Task_allBlockedFunc__C)
                  00007188    00000004     empty_min_pem4f.oem4f (.const:ti_sysbios_knl_Task_defaultStackHeap__C)
                  0000718c    00000004     empty_min_pem4f.oem4f (.const:ti_sysbios_knl_Task_defaultStackSize__C)
                  00007190    00000004     empty_min_pem4f.oem4f (.const:ti_sysbios_knl_Task_numConstructedTasks__C)
                  00007194    00000004     empty_min_pem4f.oem4f (.const:xdc_runtime_Assert_E_assertFailed__C)
                  00007198    00000004     empty_min_pem4f.oem4f (.const:xdc_runtime_Core_A_initializedParams__C)
                  0000719c    00000004     empty_min_pem4f.oem4f (.const:xdc_runtime_Core_Module__diagsEnabled__C)
                  000071a0    00000004     empty_min_pem4f.oem4f (.const:xdc_runtime_Core_Module__diagsIncluded__C)
                  000071a4    00000004     empty_min_pem4f.oem4f (.const:xdc_runtime_Core_Module__diagsMask__C)
                  000071a8    00000004     empty_min_pem4f.oem4f (.const:xdc_runtime_Error_E_memory__C)
                  000071ac    00000004     empty_min_pem4f.oem4f (.const:xdc_runtime_Error_Module__diagsEnabled__C)
                  000071b0    00000004     empty_min_pem4f.oem4f (.const:xdc_runtime_Error_Module__diagsIncluded__C)
                  000071b4    00000004     empty_min_pem4f.oem4f (.const:xdc_runtime_Error_Module__diagsMask__C)
                  000071b8    00000004     empty_min_pem4f.oem4f (.const:xdc_runtime_Error_Module__loggerFxn8__C)
                  000071bc    00000004     empty_min_pem4f.oem4f (.const:xdc_runtime_Error_Module__loggerObj__C)
                  000071c0    00000004     empty_min_pem4f.oem4f (.const:xdc_runtime_Error_policyFxn__C)
                  000071c4    00000004     empty_min_pem4f.oem4f (.const:xdc_runtime_Error_raiseHook__C)
                  000071c8    00000004     empty_min_pem4f.oem4f (.const:xdc_runtime_IGateProvider_Interface__BASE__C)
                  000071cc    00000004     empty_min_pem4f.oem4f (.const:xdc_runtime_IHeap_Interface__BASE__C)
                  000071d0    00000004     empty_min_pem4f.oem4f (.const:xdc_runtime_IModule_Interface__BASE__C)
                  000071d4    00000004     empty_min_pem4f.oem4f (.const:xdc_runtime_Log_L_error__C)
                  000071d8    00000004     empty_min_pem4f.oem4f (.const:xdc_runtime_Memory_defaultHeapInstance__C)
                  000071dc    00000004     empty_min_pem4f.oem4f (.const:xdc_runtime_Startup_execImpl__C)
                  000071e0    00000004     empty_min_pem4f.oem4f (.const:xdc_runtime_Startup_maxPasses__C)
                  000071e4    00000004     empty_min_pem4f.oem4f (.const:xdc_runtime_Startup_sfxnRts__C)
                  000071e8    00000004     empty_min_pem4f.oem4f (.const:xdc_runtime_Startup_sfxnTab__C)
                  000071ec    00000004     empty_min_pem4f.oem4f (.const:xdc_runtime_SysMin_bufSize__C)
                  000071f0    00000004     empty_min_pem4f.oem4f (.const:xdc_runtime_SysMin_outputFunc__C)
                  000071f4    00000004     empty_min_pem4f.oem4f (.const:xdc_runtime_System_Module__gateObj__C)
                  000071f8    00000004     empty_min_pem4f.oem4f (.const:xdc_runtime_System_abortFxn__C)
                  000071fc    00000004     empty_min_pem4f.oem4f (.const:xdc_runtime_System_exitFxn__C)
                  00007200    00000004     empty_min_pem4f.oem4f (.const:xdc_runtime_System_extendFxn__C)
                  00007204    00000004     empty_min_pem4f.oem4f (.const:xdc_runtime_System_maxAtexitHandlers__C)
                  00007208    00000004     empty_min_pem4f.oem4f (.const:xdc_runtime_Text_charTab__C)
                  0000720c    00000004     empty_min_pem4f.oem4f (.const:xdc_runtime_Text_nameEmpty__C)
                  00007210    00000004     empty_min_pem4f.oem4f (.const:xdc_runtime_Text_nameStatic__C)
                  00007214    00000004     empty_min_pem4f.oem4f (.const:xdc_runtime_Text_nameUnknown__C)
                  00007218    00000004     empty_min_pem4f.oem4f (.const:xdc_runtime_Text_nodeTab__C)
                  0000721c    00000004     empty_min_pem4f.oem4f (.const:xdc_runtime_Text_visitRopeFxn__C)
                  00007220    00000002     empty_min_pem4f.oem4f (.const:ti_catalog_arm_cortexm4_tiva_ce_Boot_Module__id__C)
                  00007222    00000002     empty_min_pem4f.oem4f (.const:ti_sysbios_family_arm_m3_Hwi_Module__id__C)
                  00007224    00000002     empty_min_pem4f.oem4f (.const:ti_sysbios_heaps_HeapMem_Module__id__C)
                  00007226    00000002     empty_min_pem4f.oem4f (.const:xdc_runtime_Core_Module__id__C)
                  00007228    00000002     empty_min_pem4f.oem4f (.const:xdc_runtime_Error_Module__loggerDefined__C)
                  0000722a    00000002     empty_min_pem4f.oem4f (.const:xdc_runtime_Error_maxDepth__C)
                  0000722c    00000002     empty_min_pem4f.oem4f (.const:xdc_runtime_Memory_Module__id__C)
                  0000722e    00000002     empty_min_pem4f.oem4f (.const:xdc_runtime_SysMin_flushAtExit__C)
                  00007230    00000002     empty_min_pem4f.oem4f (.const:xdc_runtime_Text_charCnt__C)
                  00007232    00000002     empty_min_pem4f.oem4f (.const:xdc_runtime_Text_isLoaded__C)
                  00007234    00000002     empty_min_pem4f.oem4f (.const:xdc_runtime_Text_registryModsLastId__C)
                  00007236    00000002     empty_min_pem4f.oem4f (.const:xdc_runtime_Text_unnamedModsLastId__C)
                  00007238    00000001     empty_min_pem4f.oem4f (.const:xdc_runtime_Error_policy__C)

.cinit     0    00007240    000001e8     
                  00007240    000001b4     (.cinit..data.load) [load image, compression = lzss]
                  000073f4    0000000c     (__TI_handler_table)
                  00007400    00000008     (.cinit..bss.load) [load image, compression = zero_init]
                  00007408    00000008     (.cinit..vecs.load) [load image, compression = zero_init]
                  00007410    00000018     (__TI_cinit_table)

.init_array 
*          0    00000000    00000000     UNINITIALIZED

.resetVecs 
*          0    00000000    0000003c     
                  00000000    0000003c     empty_min_pem4f.oem4f (.resetVecs)

.bss       0    20000360    00000bf4     UNINITIALIZED
                  20000360    00000400     (.common:ti_sysbios_heaps_HeapMem_Instance_State_0_buf__A)
                  20000760    00000360     (.common:ti_sysbios_family_arm_m3_Hwi_dispatchTable)
                  20000ac0    00000200     (.common:task0Stack)
                  20000cc0    00000120     rtsv7M4_T_le_v4SPD16_eabi.lib : trgmsg.c.obj (.bss:_CIOBUF_)
                  20000de0    00000090     drivers_tivaware.aem4f : GPIOTiva.oem4f (.bss:gpioCallbackInfo)
                  20000e70    00000080     (.common:xdc_runtime_SysMin_Module_State_0_outbuf__A)
                  20000ef0    00000050     (.common:task0Struct)
                  20000f40    00000008     (.common:parmbuf)
                  20000f48    00000004     (.common:g_ui32SysClock)
                  20000f4c    00000004     (.common:gpioInterruptVectors)
                  20000f50    00000004     (.common:myHwi)

.data      0    20000f54    000003d6     UNINITIALIZED
                  20000f54    00000080     empty_min_pem4f.oem4f (.data:ti_sysbios_knl_Swi_Module_State_0_readyQ__A)
                  20000fd4    00000080     empty_min_pem4f.oem4f (.data:ti_sysbios_knl_Task_Module_State_0_readyQ__A)
                  20001054    00000044     empty_min_pem4f.oem4f (.data:ti_sysbios_knl_Task_Module__state__V)
                  20001098    00000040     empty_min_pem4f.oem4f (.data:ti_sysbios_family_arm_lm4_Timer_Module_State_0_device__A)
                  200010d8    00000040     empty_min_pem4f.oem4f (.data:ti_sysbios_family_arm_lm4_Timer_Object__table__V)
                  20001118    00000038     empty_min_pem4f.oem4f (.data:ti_sysbios_gates_GateMutex_Object__table__V)
                  20001150    00000034     empty_min_pem4f.oem4f (.data:ti_sysbios_family_arm_m3_Hwi_Module__state__V)
                  20001184    00000030     empty_min_pem4f.oem4f (.data:ti_sysbios_knl_Swi_Object__table__V)
                  200011b4    0000002c     empty_min_pem4f.oem4f (.data:ti_sysbios_knl_Clock_Module__state__V)
                  200011e0    00000024     empty_min_pem4f.oem4f (.data:ti_sysbios_BIOS_Module__state__V)
                  20001204    00000020     empty_min_pem4f.oem4f (.data:ti_sysbios_family_arm_lm4_Timer_Module_State_0_handles__A)
                  20001224    0000001c     empty_min_pem4f.oem4f (.data:ti_sysbios_knl_Swi_Module__state__V)
                  20001240    00000018     empty_min_pem4f.oem4f (.data:ti_sysbios_family_arm_m3_Hwi_Object__table__V)
                  20001258    00000018     empty_min_pem4f.oem4f (.data:ti_sysbios_heaps_HeapMem_Object__table__V)
                  20001270    00000010     EK_TM4C1294XL.obj (.data:gpioPinConfigs)
                  20001280    0000000c     empty_min_pem4f.oem4f (.data:ti_sysbios_family_arm_lm4_Timer_Module__state__V)
                  2000128c    0000000c     empty_min_pem4f.oem4f (.data:xdc_runtime_SysMin_Module__state__V)
                  20001298    00000008     rtsv7M4_T_le_v4SPD16_eabi.lib : _lock.c.obj (.data:$O1$$)
                  200012a0    00000008     EK_TM4C1294XL.obj (.data:gpioCallbackFunctions)
                  200012a8    00000008     empty_min_pem4f.oem4f (.data:ti_sysbios_family_arm_m3_Hwi_Module__root__V)
                  200012b0    00000008     empty_min_pem4f.oem4f (.data:ti_sysbios_gates_GateHwi_Module__root__V)
                  200012b8    00000008     empty_min_pem4f.oem4f (.data:ti_sysbios_gates_GateMutex_Module__root__V)
                  200012c0    00000008     empty_min_pem4f.oem4f (.data:ti_sysbios_hal_Hwi_Module__root__V)
                  200012c8    00000008     empty_min_pem4f.oem4f (.data:ti_sysbios_heaps_HeapMem_Module__root__V)
                  200012d0    00000008     empty_min_pem4f.oem4f (.data:ti_sysbios_knl_Queue_Module__root__V)
                  200012d8    00000008     empty_min_pem4f.oem4f (.data:ti_sysbios_knl_Semaphore_Module__root__V)
                  200012e0    00000008     empty_min_pem4f.oem4f (.data:ti_sysbios_knl_Task_Module__root__V)
                  200012e8    00000008     empty_min_pem4f.oem4f (.data:xdc_runtime_Registry_Module__state__V)
                  200012f0    00000008     empty_min_pem4f.oem4f (.data:xdc_runtime_Startup_Module__state__V)
                  200012f8    00000008     empty_min_pem4f.oem4f (.data:xdc_runtime_System_Module_State_0_atexitHandlers__A)
                  20001300    00000008     empty_min_pem4f.oem4f (.data:xdc_runtime_System_Module__state__V)
                  20001308    00000005     drivers_tivaware.aem4f : GPIOTiva.oem4f (.data)
                  2000130d    00000001     --HOLE--
                  2000130e    00000002     empty_min_pem4f.oem4f (.data:ti_sysbios_family_arm_m3_Hwi_Module_State_0_excActive__A)
                  20001310    00000004     rtsv7M4_T_le_v4SPD16_eabi.lib : stkdepth_vars.c.obj (.data)
                  20001314    00000004     empty_min_pem4f.oem4f (.data:ti_sysbios_family_arm_m3_Hwi_Module_State_0_excContext__A)
                  20001318    00000004     empty_min_pem4f.oem4f (.data:ti_sysbios_family_arm_m3_Hwi_Module_State_0_excStack__A)
                  2000131c    00000004     empty_min_pem4f.oem4f (.data:ti_sysbios_gates_GateHwi_Object__table__V)
                  20001320    00000004     empty_min_pem4f.oem4f (.data:ti_sysbios_knl_Task_Module_State_0_idleTask__A)
                  20001324    00000004     empty_min_pem4f.oem4f (.data:xdc_runtime_Memory_Module__state__V)
                  20001328    00000002     empty_min_pem4f.oem4f (.data:xdc_runtime_Error_Module__state__V)

.stack     0    20001330    00000300     UNINITIALIZED
                  20001330    00000300     --HOLE--

.bootVecs 
*          0    00000000    00000008     DSECT
                  00000000    00000008     boot.aem4f : boot.oem4f (.bootVecs)

.vecs      0    20000000    00000360     UNINITIALIZED
                  20000000    00000360     empty_min_pem4f.oem4f (.vecs)

xdc.meta   0    00000000    000000f0     COPY SECTION
                  00000000    000000f0     empty_min_pem4f.oem4f (xdc.meta)

MODULE SUMMARY

       Module                       code    ro data   rw data
       ------                       ----    -------   -------
    ./
       empty_min.obj                337     0         600    
       EK_TM4C1294XL.obj            192     20        24     
    +--+----------------------------+-------+---------+---------+
       Total:                       529     20        624    
                                                             
    /home/jordikitto/ti_rtos/empty_min_EK_TM4C1294XL_TI/Debug/configPkg/package/cfg/
       empty_min_pem4f.oem4f        1956    7617      3820   
    +--+----------------------------+-------+---------+---------+
       Total:                       1956    7617      3820   
                                                             
    /home/jordikitto/ti/ccs901/ccs/tools/compiler/ti-cgt-arm_18.12.1.LTS/lib/rtsv7M4_T_le_v4SPD16_eabi.lib
       trgmsg.c.obj                 108     0         288    
       memcpy_t2.asm.obj            156     0         0      
       memset_t2.asm.obj            122     0         0      
       copy_decompress_lzss.c.obj   104     0         0      
       hostwrite.c.obj              88      0         0      
       cpy_tbl.c.obj                76      0         0      
       u_divt2.asm.obj              64      0         0      
       _lock.c.obj                  26      0         8      
       args_main.c.obj              24      0         0      
       strlen.c.obj                 20      0         0      
       copy_decompress_none.c.obj   14      0         0      
       copy_zero_init.c.obj         12      0         0      
       hostopen.c.obj               0       0         8      
       exit.c.obj                   4       0         0      
       stkdepth_vars.c.obj          0       0         4      
       div0.asm.obj                 2       0         0      
    +--+----------------------------+-------+---------+---------+
       Total:                       820     0         308    
                                                             
    /home/jordikitto/ti/tirtos_tivac_2_16_00_08/products/TivaWare_C_Series-2.1.1.71b/driverlib/ccs/Debug/driverlib.lib
       sysctl.obj                   668     452       0      
       gpio.obj                     554     144       0      
       interrupt.obj                104     112       0      
       uart.obj                     122     0         0      
    +--+----------------------------+-------+---------+---------+
       Total:                       1448    708       0      
                                                             
    /home/jordikitto/ti/tirtos_tivac_2_16_00_08/products/bios_6_45_01_29/packages/ti/catalog/arm/cortexm4/tiva/ce/lib/Boot.aem4f
       Boot_sysctl.oem4f            628     452       0      
       Boot.oem4f                   152     0         0      
    +--+----------------------------+-------+---------+---------+
       Total:                       780     452       0      
                                                             
    /home/jordikitto/ti/tirtos_tivac_2_16_00_08/products/bios_6_45_01_29/packages/ti/targets/arm/rtsarm/lib/auto_init.aem4f
       auto_init.oem4f              160     0         0      
    +--+----------------------------+-------+---------+---------+
       Total:                       160     0         0      
                                                             
    /home/jordikitto/ti/tirtos_tivac_2_16_00_08/products/bios_6_45_01_29/packages/ti/targets/arm/rtsarm/lib/boot.aem4f
       boot.oem4f                   88      0         0      
    +--+----------------------------+-------+---------+---------+
       Total:                       88      0         0      
                                                             
    /home/jordikitto/ti/tirtos_tivac_2_16_00_08/products/bios_6_45_01_29/packages/ti/targets/arm/rtsarm/lib/ti.targets.arm.rtsarm.aem4f
       System.oem4f                 1255    0         0      
       Text.oem4f                   672     0         0      
       Error.oem4f                  524     0         0      
       Core-mem.oem4f               358     0         0      
       Startup.oem4f                328     0         0      
       SysMin.oem4f                 248     0         0      
       Core-smem.oem4f              204     0         0      
       Memory.oem4f                 176     0         0      
       Assert.oem4f                 84      0         0      
       Core-params.oem4f            70      0         0      
       Core-label.oem4f             52      0         0      
       Registry.oem4f               32      0         0      
       Gate.oem4f                   28      0         0      
    +--+----------------------------+-------+---------+---------+
       Total:                       4031    0         0      
                                                             
    /home/jordikitto/ti/tirtos_tivac_2_16_00_08/products/tidrivers_tivac_2_16_00_08/packages/ti/drivers/lib/drivers_tivaware.aem4f
       GPIOTiva.oem4f               844     156       153    
    +--+----------------------------+-------+---------+---------+
       Total:                       844     156       153    
                                                             
    /home/jordikitto/ti_rtos/empty_min_EK_TM4C1294XL_TI/src/sysbios/sysbios.aem4f
       BIOS.obj                     8834    0         0      
       m3_Hwi_asm.obj               314     0         0      
       m3_TaskSupport_asm.obj       180     0         0      
       m3_Hwi_asm_switch.obj        118     0         0      
    +--+----------------------------+-------+---------+---------+
       Total:                       9446    0         0      
                                                             
       Stack:                       0       0         768    
       Linker Generated:            0       488       0      
    +--+----------------------------+-------+---------+---------+
       Grand Total:                 20102   9441      5673   


LINKER GENERATED COPY TABLES

__TI_cinit_table @ 00007410 records: 3, size/record: 8, table size: 24
	.data: load addr=00007240, load size=000001b4 bytes, run addr=20000f54, run size=000003d6 bytes, compression=lzss
	.bss: load addr=00007400, load size=00000008 bytes, run addr=20000360, run size=00000bf4 bytes, compression=zero_init
	.vecs: load addr=00007408, load size=00000008 bytes, run addr=20000000, run size=00000360 bytes, compression=zero_init


LINKER GENERATED HANDLER TABLE

__TI_handler_table @ 000073f4 records: 3, size/record: 4, table size: 12
	index: 0, handler: __TI_decompress_lzss
	index: 1, handler: __TI_decompress_none
	index: 2, handler: __TI_zero_init


GLOBAL SYMBOLS: SORTED ALPHABETICALLY BY Name 

address   name                                                                 
-------   ----                                                                 
00000bc5  C$$EXIT                                                              
00003f4b  C$$IO$$                                                              
00004ee7  EK_TM4C1294XL_initGPIO                                               
00002255  EK_TM4C1294XL_initGeneral                                            
000044a1  GPIODirModeSet                                                       
00003ddb  GPIOIntClear                                                         
00004dd1  GPIOIntStatus                                                        
000034a9  GPIOIntTypeSet                                                       
00001499  GPIOPadConfigSet                                                     
000039bd  GPIOPinConfigure                                                     
00004f11  GPIOPinRead                                                          
00004cb5  GPIOPinTypeUART                                                      
00004f17  GPIOPinWrite                                                         
00007090  GPIOTiva_config                                                      
00002f6d  GPIO_hwiIntFxn                                                       
00002895  GPIO_init                                                            
000035fd  GPIO_setCallback                                                     
000011fd  GPIO_setConfig                                                       
0000364d  GPIO_toggle                                                          
0000369d  GPIO_write                                                           
000033a1  HOSTwrite                                                            
00002e35  IntEnable                                                            
UNDEFED   SHT$$INIT_ARRAY$$Base                                                
UNDEFED   SHT$$INIT_ARRAY$$Limit                                               
000007bd  SysCtlClockFreqSet                                                   
00004039  SysCtlPeripheralEnable                                               
00003d59  UARTConfigSetExpClk                                                  
000048a9  UARTDisable                                                          
00004c23  UARTEnable                                                           
00004eef  UARTIntEnable                                                        
00000000  __ASM__                                                              
20000cc0  __CIOBUF_                                                            
0000006e  __ISA__                                                              
00000081  __PLAT__                                                             
20001630  __STACK_END                                                          
00000300  __STACK_SIZE                                                         
000000a2  __TARG__                                                             
00007410  __TI_CINIT_Base                                                      
00007428  __TI_CINIT_Limit                                                     
000073f4  __TI_Handler_Table_Base                                              
00007400  __TI_Handler_Table_Limit                                             
000023bd  __TI_auto_init                                                       
00002e9d  __TI_decompress_lzss                                                 
00004ddf  __TI_decompress_none                                                 
ffffffff  __TI_pprof_out_hndl                                                  
ffffffff  __TI_prof_data_size                                                  
ffffffff  __TI_prof_data_start                                                 
0000406d  __TI_readmsg                                                         
00007240  __TI_static_base__                                                   
00003f1d  __TI_writemsg                                                        
00004e25  __TI_zero_init                                                       
000000c8  __TRDR__                                                             
00002b2f  __aeabi_idiv0                                                        
00002b2f  __aeabi_ldiv0                                                        
00002ab5  __aeabi_memclr                                                       
00002ab5  __aeabi_memclr4                                                      
00002ab5  __aeabi_memclr8                                                      
000024fd  __aeabi_memcpy                                                       
000024fd  __aeabi_memcpy4                                                      
000024fd  __aeabi_memcpy8                                                      
00002ab7  __aeabi_memset                                                       
00002ab7  __aeabi_memset4                                                      
00002ab7  __aeabi_memset8                                                      
00003d9b  __aeabi_uidiv                                                        
00003d9b  __aeabi_uidivmod                                                     
ffffffff  __binit__                                                            
ffffffff  __c_args__                                                           
20001330  __stack                                                              
00004ad5  _args_main                                                           
000033f9  _c_int00                                                             
20001298  _lock                                                                
00002633  _nop                                                                 
00004e0d  _register_lock                                                       
00004e19  _register_unlock                                                     
2000129c  _unlock                                                              
00000bc5  abort                                                                
ffffffff  binit                                                                
00003831  copy_in                                                              
20000f48  g_ui32SysClock                                                       
200012a0  gpioCallbackFunctions                                                
20001270  gpioPinConfigs                                                       
00004c37  heartBeatFxn                                                         
000018e9  main                                                                 
20001310  main_func_sp                                                         
000024fd  memcpy                                                               
00002abd  memset                                                               
20000f50  myHwi                                                                
00004c0d  myHwiFunc                                                            
00004d71  osi_TaskDisable                                                      
00004d11  osi_start                                                            
20000f40  parmbuf                                                              
00004c4b  strlen                                                               
20000ac0  task0Stack                                                           
20000ef0  task0Struct                                                          
000070f8  ti_catalog_arm_cortexm4_tiva_ce_Boot_A_mustNotUseEnhancedClockMode__C
000070fc  ti_catalog_arm_cortexm4_tiva_ce_Boot_Module__diagsEnabled__C         
00007100  ti_catalog_arm_cortexm4_tiva_ce_Boot_Module__diagsIncluded__C        
00007104  ti_catalog_arm_cortexm4_tiva_ce_Boot_Module__diagsMask__C            
00007220  ti_catalog_arm_cortexm4_tiva_ce_Boot_Module__id__C                   
00004ced  ti_catalog_arm_cortexm4_tiva_ce_Boot_init__I                         
000009c1  ti_catalog_arm_cortexm4_tiva_ce_Boot_sysCtlClockFreqSetI__I          
00002635  ti_catalog_arm_cortexm4_tiva_ce_Boot_sysCtlClockFreqSet__E           
200011e0  ti_sysbios_BIOS_Module__state__V                                     
00004a39  ti_sysbios_BIOS_RtsGateProxy_Handle__label__S                        
00004625  ti_sysbios_BIOS_RtsGateProxy_Object__delete__S                       
00000dc5  ti_sysbios_BIOS_RtsGateProxy_enter__E                                
00000f3d  ti_sysbios_BIOS_RtsGateProxy_leave__E                                
00004f61  ti_sysbios_BIOS_RtsGateProxy_query__E                                
000041ad  ti_sysbios_BIOS_atExitFunc__I                                        
00004595  ti_sysbios_BIOS_errorRaiseHook__I                                    
00004bc9  ti_sysbios_BIOS_exitFunc__I                                          
00002c7f  ti_sysbios_BIOS_nullFunc__I                                          
000045b9  ti_sysbios_BIOS_registerRTSLock__I                                   
000045dd  ti_sysbios_BIOS_removeRTSLock__I                                     
00004745  ti_sysbios_BIOS_rtsLock__I                                           
00004aed  ti_sysbios_BIOS_rtsUnlock__I                                         
00004d01  ti_sysbios_BIOS_setThreadType__E                                     
00004601  ti_sysbios_BIOS_startFunc__I                                         
00004d11  ti_sysbios_BIOS_start__E                                             
20001098  ti_sysbios_family_arm_lm4_Timer_Module_State_0_device__A             
20001204  ti_sysbios_family_arm_lm4_Timer_Module_State_0_handles__A            
00004b05  ti_sysbios_family_arm_lm4_Timer_Module__startupDone__F               
00004b05  ti_sysbios_family_arm_lm4_Timer_Module__startupDone__S               
20001280  ti_sysbios_family_arm_lm4_Timer_Module__state__V                     
00002fd1  ti_sysbios_family_arm_lm4_Timer_Module_startup__E                    
200010d8  ti_sysbios_family_arm_lm4_Timer_Object__table__V                     
00007108  ti_sysbios_family_arm_lm4_Timer_enableFunc__C                        
00003a51  ti_sysbios_family_arm_lm4_Timer_enableTimers__I                      
00002311  ti_sysbios_family_arm_lm4_Timer_enableTiva__I                        
00004e31  ti_sysbios_family_arm_lm4_Timer_getMaxTicks__E                       
00003501  ti_sysbios_family_arm_lm4_Timer_initDevice__I                        
00003bb9  ti_sysbios_family_arm_lm4_Timer_isrStub__E                           
00004ef7  ti_sysbios_family_arm_lm4_Timer_masterDisable__I                     
000010a5  ti_sysbios_family_arm_lm4_Timer_masterEnable__I                      
0000710c  ti_sysbios_family_arm_lm4_Timer_numTimerDevices__C                   
000016e1  ti_sysbios_family_arm_lm4_Timer_start__E                             
00007110  ti_sysbios_family_arm_lm4_Timer_startupNeeded__C                     
00003de1  ti_sysbios_family_arm_lm4_Timer_startup__E                           
000041e1  ti_sysbios_family_arm_lm4_Timer_stop__E                              
000046e1  ti_sysbios_family_arm_lm4_Timer_write__I                             
00007114  ti_sysbios_family_arm_m3_Hwi_E_NMI__C                                
00007118  ti_sysbios_family_arm_m3_Hwi_E_alreadyDefined__C                     
0000711c  ti_sysbios_family_arm_m3_Hwi_E_busFault__C                           
00007120  ti_sysbios_family_arm_m3_Hwi_E_debugMon__C                           
00007124  ti_sysbios_family_arm_m3_Hwi_E_hardFault__C                          
00007128  ti_sysbios_family_arm_m3_Hwi_E_memFault__C                           
0000712c  ti_sysbios_family_arm_m3_Hwi_E_noIsr__C                              
00007130  ti_sysbios_family_arm_m3_Hwi_E_reserved__C                           
00007134  ti_sysbios_family_arm_m3_Hwi_E_svCall__C                             
00007138  ti_sysbios_family_arm_m3_Hwi_E_usageFault__C                         
00004a05  ti_sysbios_family_arm_m3_Hwi_Handle__label__S                        
000040a1  ti_sysbios_family_arm_m3_Hwi_Instance_finalize__E                    
000026d1  ti_sysbios_family_arm_m3_Hwi_Instance_init__E                        
2000130e  ti_sysbios_family_arm_m3_Hwi_Module_State_0_excActive__A             
20001314  ti_sysbios_family_arm_m3_Hwi_Module_State_0_excContext__A            
20001318  ti_sysbios_family_arm_m3_Hwi_Module_State_0_excStack__A              
00007222  ti_sysbios_family_arm_m3_Hwi_Module__id__C                           
200012a8  ti_sysbios_family_arm_m3_Hwi_Module__root__V                         
00004b1d  ti_sysbios_family_arm_m3_Hwi_Module__startupDone__F                  
00004b1d  ti_sysbios_family_arm_m3_Hwi_Module__startupDone__S                  
20001150  ti_sysbios_family_arm_m3_Hwi_Module__state__V                        
00003741  ti_sysbios_family_arm_m3_Hwi_Module_startup__E                       
0000713c  ti_sysbios_family_arm_m3_Hwi_NUM_INTERRUPTS__C                       
00006f28  ti_sysbios_family_arm_m3_Hwi_Object__DESC__C                         
00006e14  ti_sysbios_family_arm_m3_Hwi_Object__PARAMS__C                       
00007140  ti_sysbios_family_arm_m3_Hwi_Object__count__C                        
00002c81  ti_sysbios_family_arm_m3_Hwi_Object__create__S                       
00004765  ti_sysbios_family_arm_m3_Hwi_Object__delete__S                       
00004c61  ti_sysbios_family_arm_m3_Hwi_Object__get__S                          
20001240  ti_sysbios_family_arm_m3_Hwi_Object__table__V                        
00004e3d  ti_sysbios_family_arm_m3_Hwi_Params__init__S                         
00007144  ti_sysbios_family_arm_m3_Hwi_ccr__C                                  
00003035  ti_sysbios_family_arm_m3_Hwi_create                                  
00004e49  ti_sysbios_family_arm_m3_Hwi_disableFxn__E                           
00003a99  ti_sysbios_family_arm_m3_Hwi_disableInterrupt__E                     
00003099  ti_sysbios_family_arm_m3_Hwi_dispatchC__I                            
20000760  ti_sysbios_family_arm_m3_Hwi_dispatchTable                           
00001bd5  ti_sysbios_family_arm_m3_Hwi_dispatch__I                             
00004f01  ti_sysbios_family_arm_m3_Hwi_doSwiRestore__I                         
00004f21  ti_sysbios_family_arm_m3_Hwi_doTaskRestore__I                        
00003ae1  ti_sysbios_family_arm_m3_Hwi_enableInterrupt__E                      
00000dc9  ti_sysbios_family_arm_m3_Hwi_excBusFault__I                          
00002019  ti_sysbios_family_arm_m3_Hwi_excDebugMon__I                          
00000041  ti_sysbios_family_arm_m3_Hwi_excDumpRegs__I                          
00004785  ti_sysbios_family_arm_m3_Hwi_excHandlerAsm__I                        
00007148  ti_sysbios_family_arm_m3_Hwi_excHandlerFunc__C                       
00000bc9  ti_sysbios_family_arm_m3_Hwi_excHandlerMax__I                        
000047a9  ti_sysbios_family_arm_m3_Hwi_excHandler__I                           
000020d9  ti_sysbios_family_arm_m3_Hwi_excHardFault__I                         
000070d8  ti_sysbios_family_arm_m3_Hwi_excHookFuncs__A                         
0000714c  ti_sysbios_family_arm_m3_Hwi_excHookFuncs__C                         
00001351  ti_sysbios_family_arm_m3_Hwi_excMemFault__I                          
000040d9  ti_sysbios_family_arm_m3_Hwi_excNmi__I                               
[...]
00004d01  ti_sysbios_BIOS_setThreadType__E                                     
00004d11  osi_start                                                            
00004d11  ti_sysbios_BIOS_start__E                                             
00004d21  ti_sysbios_family_arm_m3_TaskSupport_glue                            
00004d31  ti_sysbios_gates_GateMutex_Instance_finalize__E                      
00004d41  ti_sysbios_hal_Hwi_HwiProxy_Object__create__S                        
00004d51  ti_sysbios_knl_Semaphore_Instance_finalize__E                        
00004d61  ti_sysbios_knl_Swi_disable__E                                        
00004d71  osi_TaskDisable                                                      
00004d71  ti_sysbios_knl_Task_disable__E                                       
00004d81  xdc_runtime_Gate_leaveSystem__E                                      
00004d91  xdc_runtime_Memory_free__E                                           
00004da1  xdc_runtime_SysMin_ready__E                                          
00004da1  xdc_runtime_System_SupportProxy_ready__E                             
00004db1  xdc_runtime_System_vsnprintf__E                                      
00004dc1  xdc_runtime_Text_visitRope__I                                        
00004dd1  GPIOIntStatus                                                        
00004ddf  __TI_decompress_none                                                 
00004df1  ti_sysbios_knl_Queue_empty__E                                        
00004dff  ti_sysbios_knl_Task_Object__get__S                                   
00004e0d  _register_lock                                                       
00004e19  _register_unlock                                                     
00004e25  __TI_zero_init                                                       
00004e31  ti_sysbios_family_arm_lm4_Timer_getMaxTicks__E                       
00004e3d  ti_sysbios_family_arm_m3_Hwi_Params__init__S                         
00004e3d  ti_sysbios_hal_Hwi_HwiProxy_Params__init__S                          
00004e49  ti_sysbios_family_arm_m3_Hwi_disableFxn__E                           
00004e49  ti_sysbios_hal_Hwi_HwiProxy_disable__E                               
00004e59  ti_sysbios_family_arm_m3_TaskSupport_getStackAlignment__E            
00004e59  ti_sysbios_knl_Task_SupportProxy_getStackAlignment__E                
00004e69  ti_sysbios_gates_GateHwi_enter__E                                    
00004e75  ti_sysbios_hal_Hwi_Params__init__S                                   
00004e81  ti_sysbios_knl_Queue_Object__get__S                                  
00004e8d  ti_sysbios_knl_Task_Params__init__S                                  
00004e99  xdc_runtime_Error_init__E                                            
00004ea5  xdc_runtime_Gate_enterSystem__E                                      
00004eb1  xdc_runtime_Memory_calloc__E                                         
00004ebd  xdc_runtime_Memory_getMaxDefaultTypeAlign__E                         
00004ec9  ti_sysbios_hal_Hwi_Instance_finalize__E                              
00004ed3  xdc_runtime_Memory_HeapProxy_alloc__E                                
00004edd  xdc_runtime_Memory_HeapProxy_free__E                                 
00004ee7  EK_TM4C1294XL_initGPIO                                               
00004eef  UARTIntEnable                                                        
00004ef7  ti_sysbios_family_arm_lm4_Timer_masterDisable__I                     
00004f01  ti_sysbios_family_arm_m3_Hwi_doSwiRestore__I                         
00004f09  ti_sysbios_family_arm_m3_Hwi_startup__E                              
00004f09  ti_sysbios_hal_Hwi_HwiProxy_startup__E                               
00004f09  ti_sysbios_hal_Hwi_startup__E                                        
00004f11  GPIOPinRead                                                          
00004f17  GPIOPinWrite                                                         
00004f21  ti_sysbios_family_arm_m3_Hwi_doTaskRestore__I                        
00004f29  ti_sysbios_family_arm_m3_Hwi_restoreFxn__E                           
00004f29  ti_sysbios_hal_Hwi_HwiProxy_restore__E                               
00004f31  ti_sysbios_gates_GateHwi_leave__E                                    
00004f39  ti_sysbios_heaps_HeapMem_isBlocking__E                               
00004f41  ti_sysbios_knl_Queue_Instance_init__E                                
00004f49  ti_sysbios_knl_Swi_startup__E                                        
00004f4f  xdc_runtime_System_Module_startup__E                                 
00004f59  ti_sysbios_gates_GateHwi_query__E                                    
00004f59  xdc_runtime_Main_Module_GateProxy_query__E                           
00004f59  xdc_runtime_System_Module_GateProxy_query__E                         
00004f61  ti_sysbios_BIOS_RtsGateProxy_query__E                                
00004f61  ti_sysbios_gates_GateMutex_query__E                                  
00004f61  ti_sysbios_heaps_HeapMem_Module_GateProxy_query__E                   
00004f69  ti_sysbios_knl_Task_startup__E                                       
00004f71  ti_sysbios_gates_GateHwi_Instance_init__E                            
00004f79  ti_sysbios_knl_Clock_logTick__E                                      
00004f7c  xdc_runtime_Text_charTab__A                                          
00006a00  xdc_runtime_Text_nodeTab__A                                          
00006d78  ti_sysbios_knl_Task_Object__PARAMS__C                                
00006e14  ti_sysbios_family_arm_m3_Hwi_Object__PARAMS__C                       
00006e44  ti_sysbios_hal_Hwi_Object__PARAMS__C                                 
00006e70  ti_sysbios_heaps_HeapMem_Module__FXNS__C                             
00006e98  ti_sysbios_gates_GateHwi_Module__FXNS__C                             
00006ebc  ti_sysbios_gates_GateMutex_Module__FXNS__C                           
00006ee0  ti_sysbios_heaps_HeapMem_Object__PARAMS__C                           
00006f04  ti_sysbios_knl_Semaphore_Object__PARAMS__C                           
00006f28  ti_sysbios_family_arm_m3_Hwi_Object__DESC__C                         
00006f48  ti_sysbios_gates_GateHwi_Object__DESC__C                             
00006f68  ti_sysbios_gates_GateMutex_Object__DESC__C                           
00006f88  ti_sysbios_hal_Hwi_Object__DESC__C                                   
00006fa8  ti_sysbios_heaps_HeapMem_Object__DESC__C                             
00006fc8  ti_sysbios_knl_Queue_Object__DESC__C                                 
00006fe8  ti_sysbios_knl_Semaphore_Object__DESC__C                             
00007008  ti_sysbios_knl_Task_Object__DESC__C                                  
00007028  xdc_runtime_Startup_sfxnTab__A                                       
00007048  ti_sysbios_gates_GateHwi_Object__PARAMS__C                           
00007060  ti_sysbios_gates_GateMutex_Object__PARAMS__C                         
00007078  ti_sysbios_knl_Queue_Object__PARAMS__C                               
00007090  GPIOTiva_config                                                      
000070a4  xdc_runtime_Startup_firstFxns__A                                     
000070b8  xdc_runtime_Startup_sfxnRts__A                                       
000070d8  ti_sysbios_family_arm_m3_Hwi_excHookFuncs__A                         
000070e0  ti_sysbios_knl_Idle_funcList__C                                      
000070e8  xdc_runtime_Startup_firstFxns__C                                     
000070f0  xdc_runtime_Startup_lastFxns__C                                      
000070f8  ti_catalog_arm_cortexm4_tiva_ce_Boot_A_mustNotUseEnhancedClockMode__C
000070fc  ti_catalog_arm_cortexm4_tiva_ce_Boot_Module__diagsEnabled__C         
00007100  ti_catalog_arm_cortexm4_tiva_ce_Boot_Module__diagsIncluded__C        
00007104  ti_catalog_arm_cortexm4_tiva_ce_Boot_Module__diagsMask__C            
00007108  ti_sysbios_family_arm_lm4_Timer_enableFunc__C                        
0000710c  ti_sysbios_family_arm_lm4_Timer_numTimerDevices__C                   
00007110  ti_sysbios_family_arm_lm4_Timer_startupNeeded__C                     
00007114  ti_sysbios_family_arm_m3_Hwi_E_NMI__C                                
00007118  ti_sysbios_family_arm_m3_Hwi_E_alreadyDefined__C                     
0000711c  ti_sysbios_family_arm_m3_Hwi_E_busFault__C                           
00007120  ti_sysbios_family_arm_m3_Hwi_E_debugMon__C                           
00007124  ti_sysbios_family_arm_m3_Hwi_E_hardFault__C                          
00007128  ti_sysbios_family_arm_m3_Hwi_E_memFault__C                           
0000712c  ti_sysbios_family_arm_m3_Hwi_E_noIsr__C                              
00007130  ti_sysbios_family_arm_m3_Hwi_E_reserved__C                           
00007134  ti_sysbios_family_arm_m3_Hwi_E_svCall__C                             
00007138  ti_sysbios_family_arm_m3_Hwi_E_usageFault__C                         
0000713c  ti_sysbios_family_arm_m3_Hwi_NUM_INTERRUPTS__C                       
00007140  ti_sysbios_family_arm_m3_Hwi_Object__count__C                        
00007144  ti_sysbios_family_arm_m3_Hwi_ccr__C                                  
00007148  ti_sysbios_family_arm_m3_Hwi_excHandlerFunc__C                       
0000714c  ti_sysbios_family_arm_m3_Hwi_excHookFuncs__C                         
00007150  ti_sysbios_family_arm_m3_Hwi_nullIsrFunc__C                          
00007154  ti_sysbios_family_arm_m3_Hwi_priGroup__C                             
00007158  ti_sysbios_family_arm_m3_TaskSupport_stackAlignment__C               
0000715c  ti_sysbios_gates_GateMutex_Instance_State_sem__O                     
00007160  ti_sysbios_heaps_HeapMem_E_memory__C                                 
00007164  ti_sysbios_heaps_HeapMem_Module__gateObj__C                          
00007168  ti_sysbios_heaps_HeapMem_Object__count__C                            
0000716c  ti_sysbios_heaps_HeapMem_reqAlign__C                                 
00007170  ti_sysbios_knl_Clock_Module_State_clockQ__O                          
00007174  ti_sysbios_knl_Semaphore_Instance_State_pendQ__O                     
00007178  ti_sysbios_knl_Swi_Object__count__C                                  
0000717c  ti_sysbios_knl_Task_Module_State_inactiveQ__O                        
00007180  ti_sysbios_knl_Task_Object__count__C                                 
00007184  ti_sysbios_knl_Task_allBlockedFunc__C                                
00007188  ti_sysbios_knl_Task_defaultStackHeap__C                              
0000718c  ti_sysbios_knl_Task_defaultStackSize__C                              
00007190  ti_sysbios_knl_Task_numConstructedTasks__C                           
00007194  xdc_runtime_Assert_E_assertFailed__C                                 
00007198  xdc_runtime_Core_A_initializedParams__C                              
0000719c  xdc_runtime_Core_Module__diagsEnabled__C                             
000071a0  xdc_runtime_Core_Module__diagsIncluded__C                            
000071a4  xdc_runtime_Core_Module__diagsMask__C                                
000071a8  xdc_runtime_Error_E_memory__C                                        
000071ac  xdc_runtime_Error_Module__diagsEnabled__C                            
000071b0  xdc_runtime_Error_Module__diagsIncluded__C                           
000071b4  xdc_runtime_Error_Module__diagsMask__C                               
000071b8  xdc_runtime_Error_Module__loggerFxn8__C                              
000071bc  xdc_runtime_Error_Module__loggerObj__C                               
000071c0  xdc_runtime_Error_policyFxn__C                                       
000071c4  xdc_runtime_Error_raiseHook__C                                       
000071c8  xdc_runtime_IGateProvider_Interface__BASE__C                         
000071cc  xdc_runtime_IHeap_Interface__BASE__C                                 
000071d0  xdc_runtime_IModule_Interface__BASE__C                               
000071d4  xdc_runtime_Log_L_error__C                                           
000071d8  xdc_runtime_Memory_defaultHeapInstance__C                            
000071dc  xdc_runtime_Startup_execImpl__C                                      
000071e0  xdc_runtime_Startup_maxPasses__C                                     
000071e4  xdc_runtime_Startup_sfxnRts__C                                       
000071e8  xdc_runtime_Startup_sfxnTab__C                                       
000071ec  xdc_runtime_SysMin_bufSize__C                                        
000071f0  xdc_runtime_SysMin_outputFunc__C                                     
000071f4  xdc_runtime_System_Module__gateObj__C                                
000071f8  xdc_runtime_System_abortFxn__C                                       
000071fc  xdc_runtime_System_exitFxn__C                                        
00007200  xdc_runtime_System_extendFxn__C                                      
00007204  xdc_runtime_System_maxAtexitHandlers__C                              
00007208  xdc_runtime_Text_charTab__C                                          
0000720c  xdc_runtime_Text_nameEmpty__C                                        
00007210  xdc_runtime_Text_nameStatic__C                                       
00007214  xdc_runtime_Text_nameUnknown__C                                      
00007218  xdc_runtime_Text_nodeTab__C                                          
0000721c  xdc_runtime_Text_visitRopeFxn__C                                     
00007220  ti_catalog_arm_cortexm4_tiva_ce_Boot_Module__id__C                   
00007222  ti_sysbios_family_arm_m3_Hwi_Module__id__C                           
00007224  ti_sysbios_heaps_HeapMem_Module__id__C                               
00007226  xdc_runtime_Core_Module__id__C                                       
00007228  xdc_runtime_Error_Module__loggerDefined__C                           
0000722a  xdc_runtime_Error_maxDepth__C                                        
0000722c  xdc_runtime_Memory_Module__id__C                                     
0000722e  xdc_runtime_SysMin_flushAtExit__C                                    
00007230  xdc_runtime_Text_charCnt__C                                          
00007232  xdc_runtime_Text_isLoaded__C                                         
00007234  xdc_runtime_Text_registryModsLastId__C                               
00007236  xdc_runtime_Text_unnamedModsLastId__C                                
00007238  xdc_runtime_Error_policy__C                                          
00007240  __TI_static_base__                                                   
000073f4  __TI_Handler_Table_Base                                              
00007400  __TI_Handler_Table_Limit                                             
00007410  __TI_CINIT_Base                                                      
00007428  __TI_CINIT_Limit                                                     
20000000  ti_sysbios_family_arm_m3_Hwi_ramVectors                              
20000360  ti_sysbios_heaps_HeapMem_Instance_State_0_buf__A                     
20000760  ti_sysbios_family_arm_m3_Hwi_dispatchTable                           
20000ac0  task0Stack                                                           
20000cc0  __CIOBUF_                                                            
20000e70  xdc_runtime_SysMin_Module_State_0_outbuf__A                          
20000ef0  task0Struct                                                          
20000f40  parmbuf                                                              
20000f48  g_ui32SysClock                                                       
20000f50  myHwi                                                                
20000f54  ti_sysbios_knl_Swi_Module_State_0_readyQ__A                          
20000fd4  ti_sysbios_knl_Task_Module_State_0_readyQ__A                         
20001054  ti_sysbios_knl_Task_Module__state__V                                 
20001098  ti_sysbios_family_arm_lm4_Timer_Module_State_0_device__A             
200010d8  ti_sysbios_family_arm_lm4_Timer_Object__table__V                     
20001118  ti_sysbios_gates_GateMutex_Object__table__V                          
20001150  ti_sysbios_family_arm_m3_Hwi_Module__state__V                        
20001184  ti_sysbios_knl_Swi_Object__table__V                                  
200011b4  ti_sysbios_knl_Clock_Module__state__V                                
200011e0  ti_sysbios_BIOS_Module__state__V                                     
20001204  ti_sysbios_family_arm_lm4_Timer_Module_State_0_handles__A            
20001224  ti_sysbios_knl_Swi_Module__state__V                                  
20001240  ti_sysbios_family_arm_m3_Hwi_Object__table__V                        
20001258  ti_sysbios_heaps_HeapMem_Object__table__V                            
20001270  gpioPinConfigs                                                       
20001280  ti_sysbios_family_arm_lm4_Timer_Module__state__V                     
2000128c  xdc_runtime_SysMin_Module__state__V                                  
20001298  _lock                                                                
2000129c  _unlock                                                              
200012a0  gpioCallbackFunctions                                                
200012a8  ti_sysbios_family_arm_m3_Hwi_Module__root__V                         
200012b0  ti_sysbios_gates_GateHwi_Module__root__V                             
200012b8  ti_sysbios_gates_GateMutex_Module__root__V                           
200012c0  ti_sysbios_hal_Hwi_Module__root__V                                   
200012c8  ti_sysbios_heaps_HeapMem_Module__root__V                             
200012d0  ti_sysbios_knl_Queue_Module__root__V                                 
200012d8  ti_sysbios_knl_Semaphore_Module__root__V                             
200012e0  ti_sysbios_knl_Task_Module__root__V                                  
200012e8  xdc_runtime_Registry_Module__state__V                                
200012f0  xdc_runtime_Startup_Module__state__V                                 
200012f8  xdc_runtime_System_Module_State_0_atexitHandlers__A                  
20001300  xdc_runtime_System_Module__state__V                                  
2000130e  ti_sysbios_family_arm_m3_Hwi_Module_State_0_excActive__A             
20001310  main_func_sp                                                         
20001314  ti_sysbios_family_arm_m3_Hwi_Module_State_0_excContext__A            
20001318  ti_sysbios_family_arm_m3_Hwi_Module_State_0_excStack__A              
2000131c  ti_sysbios_gates_GateHwi_Object__table__V                            
20001320  ti_sysbios_knl_Task_Module_State_0_idleTask__A                       
20001324  xdc_runtime_Memory_Module__state__V                                  
20001328  xdc_runtime_Error_Module__state__V                                   
20001330  __stack                                                              
20001630  __STACK_END                                                          
e000e000  ti_sysbios_family_arm_m3_Hwi_nvic                                    
ffffffff  __TI_pprof_out_hndl                                                  
ffffffff  __TI_prof_data_size                                                  
ffffffff  __TI_prof_data_start                                                 
ffffffff  __binit__                                                            
ffffffff  __c_args__                                                           
ffffffff  binit                                                                
UNDEFED   SHT$$INIT_ARRAY$$Base                                                
UNDEFED   SHT$$INIT_ARRAY$$Limit                                               

[524 symbols]
